Dec 28 09:26:20 MT systemd-modules-load[387]: Inserted module 'lp'
Dec 28 09:26:20 MT kernel: [    0.000000] Linux version 5.4.0-58-generic (buildd@lcy01-amd64-004) (gcc version 9.3.0 (Ubuntu 9.3.0-17ubuntu1~20.04)) #64-Ubuntu SMP Wed Dec 9 08:16:25 UTC 2020 (Ubuntu 5.4.0-58.64-generic 5.4.73)
Dec 28 09:26:20 MT kernel: [    0.000000] Command line: BOOT_IMAGE=/boot/vmlinuz-5.4.0-58-generic root=UUID=21030161-fab0-4eb8-8162-741b4077836c ro quiet splash
Dec 28 09:26:20 MT kernel: [    0.000000] KERNEL supported cpus:
Dec 28 09:26:20 MT kernel: [    0.000000]   Intel GenuineIntel
Dec 28 09:26:20 MT kernel: [    0.000000]   AMD AuthenticAMD
Dec 28 09:26:20 MT kernel: [    0.000000]   Hygon HygonGenuine
Dec 28 09:26:20 MT kernel: [    0.000000]   Centaur CentaurHauls
Dec 28 09:26:20 MT kernel: [    0.000000]   zhaoxin   Shanghai  
Dec 28 09:26:20 MT kernel: [    0.000000] Disabled fast string operations
Dec 28 09:26:20 MT kernel: [    0.000000] x86/fpu: Supporting XSAVE feature 0x001: 'x87 floating point registers'
Dec 28 09:26:20 MT kernel: [    0.000000] x86/fpu: Supporting XSAVE feature 0x002: 'SSE registers'
Dec 28 09:26:20 MT kernel: [    0.000000] x86/fpu: Supporting XSAVE feature 0x004: 'AVX registers'
Dec 28 09:26:20 MT kernel: [    0.000000] x86/fpu: xstate_offset[2]:  576, xstate_sizes[2]:  256
Dec 28 09:26:20 MT kernel: [    0.000000] x86/fpu: Enabled xstate features 0x7, context size is 832 bytes, using 'compacted' format.
Dec 28 09:26:20 MT kernel: [    0.000000] BIOS-provided physical RAM map:
Dec 28 09:26:20 MT kernel: [    0.000000] BIOS-e820: [mem 0x0000000000000000-0x000000000009e7ff] usable
Dec 28 09:26:20 MT kernel: [    0.000000] BIOS-e820: [mem 0x000000000009e800-0x000000000009ffff] reserved
Dec 28 09:26:20 MT kernel: [    0.000000] BIOS-e820: [mem 0x00000000000dc000-0x00000000000fffff] reserved
Dec 28 09:26:20 MT kernel: [    0.000000] BIOS-e820: [mem 0x0000000000100000-0x00000000bfedffff] usable
Dec 28 09:26:20 MT kernel: [    0.000000] BIOS-e820: [mem 0x00000000bfee0000-0x00000000bfefefff] ACPI data
Dec 28 09:26:20 MT kernel: [    0.000000] BIOS-e820: [mem 0x00000000bfeff000-0x00000000bfefffff] ACPI NVS
Dec 28 09:26:20 MT kernel: [    0.000000] BIOS-e820: [mem 0x00000000bff00000-0x00000000bfffffff] usable
Dec 28 09:26:20 MT kernel: [    0.000000] BIOS-e820: [mem 0x00000000f0000000-0x00000000f7ffffff] reserved
Dec 28 09:26:20 MT kernel: [    0.000000] BIOS-e820: [mem 0x00000000fec00000-0x00000000fec0ffff] reserved
Dec 28 09:26:20 MT kernel: [    0.000000] BIOS-e820: [mem 0x00000000fee00000-0x00000000fee00fff] reserved
Dec 28 09:26:20 MT kernel: [    0.000000] BIOS-e820: [mem 0x00000000fffe0000-0x00000000ffffffff] reserved
Dec 28 09:26:20 MT kernel: [    0.000000] BIOS-e820: [mem 0x0000000100000000-0x000000023fffffff] usable
Dec 28 09:26:20 MT kernel: [    0.000000] NX (Execute Disable) protection: active
Dec 28 09:26:20 MT kernel: [    0.000000] SMBIOS 2.7 present.
Dec 28 09:26:20 MT kernel: [    0.000000] DMI: VMware, Inc. VMware Virtual Platform/440BX Desktop Reference Platform, BIOS 6.00 07/22/2020
Dec 28 09:26:20 MT kernel: [    0.000000] vmware: hypercall mode: 0x02
Dec 28 09:26:20 MT kernel: [    0.000000] Hypervisor detected: VMware
Dec 28 09:26:20 MT kernel: [    0.000000] vmware: TSC freq read from hypervisor : 4199.999 MHz
Dec 28 09:26:20 MT kernel: [    0.000000] vmware: Host bus clock speed read from hypervisor : 66000000 Hz
Dec 28 09:26:20 MT kernel: [    0.000000] vmware: using sched offset of 7235213098 ns
Dec 28 09:26:20 MT kernel: [    0.000001] tsc: Detected 4199.999 MHz processor
Dec 28 09:26:20 MT kernel: [    0.003502] e820: update [mem 0x00000000-0x00000fff] usable ==> reserved
Dec 28 09:26:20 MT kernel: [    0.003503] e820: remove [mem 0x000a0000-0x000fffff] usable
Dec 28 09:26:20 MT kernel: [    0.003507] last_pfn = 0x240000 max_arch_pfn = 0x400000000
Dec 28 09:26:20 MT kernel: [    0.003539] MTRR default type: uncachable
Dec 28 09:26:20 MT kernel: [    0.003540] MTRR fixed ranges enabled:
Dec 28 09:26:20 MT kernel: [    0.003541]   00000-9FFFF write-back
Dec 28 09:26:20 MT kernel: [    0.003541]   A0000-BFFFF uncachable
Dec 28 09:26:20 MT kernel: [    0.003541]   C0000-CFFFF write-protect
Dec 28 09:26:20 MT kernel: [    0.003542]   D0000-EFFFF uncachable
Dec 28 09:26:20 MT kernel: [    0.003542]   F0000-FFFFF write-protect
Dec 28 09:26:20 MT kernel: [    0.003543] MTRR variable ranges enabled:
Dec 28 09:26:20 MT kernel: [    0.003544]   0 base 000000000000 mask 1FC000000000 write-back
Dec 28 09:26:20 MT kernel: [    0.003544]   1 base 0000C0000000 mask 1FFFC0000000 uncachable
Dec 28 09:26:20 MT kernel: [    0.003545]   2 disabled
Dec 28 09:26:20 MT kernel: [    0.003545]   3 disabled
Dec 28 09:26:20 MT kernel: [    0.003545]   4 disabled
Dec 28 09:26:20 MT kernel: [    0.003545]   5 disabled
Dec 28 09:26:20 MT kernel: [    0.003546]   6 disabled
Dec 28 09:26:20 MT kernel: [    0.003546]   7 disabled
Dec 28 09:26:20 MT kernel: [    0.003552] x86/PAT: Configuration [0-7]: WB  WC  UC- UC  WB  WP  UC- WT  
Dec 28 09:26:20 MT kernel: [    0.003560] total RAM covered: 261120M
Dec 28 09:26:20 MT kernel: [    0.003774]  gran_size: 64K 	chunk_size: 64K 	num_reg: 8  	lose cover RAM: 0G
Dec 28 09:26:20 MT kernel: [    0.003775]  gran_size: 64K 	chunk_size: 128K 	num_reg: 8  	lose cover RAM: 0G
Dec 28 09:26:20 MT kernel: [    0.003776]  gran_size: 64K 	chunk_size: 256K 	num_reg: 8  	lose cover RAM: 0G
Dec 28 09:26:20 MT kernel: [    0.003776]  gran_size: 64K 	chunk_size: 512K 	num_reg: 8  	lose cover RAM: 0G
Dec 28 09:26:20 MT kernel: [    0.003777]  gran_size: 64K 	chunk_size: 1M 	num_reg: 8  	lose cover RAM: 0G
Dec 28 09:26:20 MT kernel: [    0.003777]  gran_size: 64K 	chunk_size: 2M 	num_reg: 8  	lose cover RAM: 0G
Dec 28 09:26:20 MT kernel: [    0.003778]  gran_size: 64K 	chunk_size: 4M 	num_reg: 8  	lose cover RAM: 0G
Dec 28 09:26:20 MT kernel: [    0.003778]  gran_size: 64K 	chunk_size: 8M 	num_reg: 8  	lose cover RAM: 0G
Dec 28 09:26:20 MT kernel: [    0.003779]  gran_size: 64K 	chunk_size: 16M 	num_reg: 8  	lose cover RAM: 0G
Dec 28 09:26:20 MT kernel: [    0.003780]  gran_size: 64K 	chunk_size: 32M 	num_reg: 8  	lose cover RAM: 0G
Dec 28 09:26:20 MT kernel: [    0.003780]  gran_size: 64K 	chunk_size: 64M 	num_reg: 8  	lose cover RAM: 0G
Dec 28 09:26:20 MT kernel: [    0.003781]  gran_size: 64K 	chunk_size: 128M 	num_reg: 8  	lose cover RAM: 0G
Dec 28 09:26:20 MT kernel: [    0.003781]  gran_size: 64K 	chunk_size: 256M 	num_reg: 8  	lose cover RAM: 0G
Dec 28 09:26:20 MT kernel: [    0.003781]  gran_size: 64K 	chunk_size: 512M 	num_reg: 8  	lose cover RAM: 0G
Dec 28 09:26:20 MT kernel: [    0.003782]  gran_size: 64K 	chunk_size: 1G 	num_reg: 8  	lose cover RAM: 0G
Dec 28 09:26:20 MT kernel: [    0.003782]  gran_size: 64K 	chunk_size: 2G 	num_reg: 8  	lose cover RAM: 0G
Dec 28 09:26:20 MT kernel: [    0.003783]  gran_size: 128K 	chunk_size: 128K 	num_reg: 8  	lose cover RAM: 0G
Dec 28 09:26:20 MT kernel: [    0.003784]  gran_size: 128K 	chunk_size: 256K 	num_reg: 8  	lose cover RAM: 0G
Dec 28 09:26:20 MT kernel: [    0.003784]  gran_size: 128K 	chunk_size: 512K 	num_reg: 8  	lose cover RAM: 0G
Dec 28 09:26:20 MT kernel: [    0.003785]  gran_size: 128K 	chunk_size: 1M 	num_reg: 8  	lose cover RAM: 0G
Dec 28 09:26:20 MT kernel: [    0.003785]  gran_size: 128K 	chunk_size: 2M 	num_reg: 8  	lose cover RAM: 0G
Dec 28 09:26:20 MT kernel: [    0.003786]  gran_size: 128K 	chunk_size: 4M 	num_reg: 8  	lose cover RAM: 0G
Dec 28 09:26:20 MT kernel: [    0.003786]  gran_size: 128K 	chunk_size: 8M 	num_reg: 8  	lose cover RAM: 0G
Dec 28 09:26:20 MT kernel: [    0.003787]  gran_size: 128K 	chunk_size: 16M 	num_reg: 8  	lose cover RAM: 0G
Dec 28 09:26:20 MT kernel: [    0.003787]  gran_size: 128K 	chunk_size: 32M 	num_reg: 8  	lose cover RAM: 0G
Dec 28 09:26:20 MT kernel: [    0.003788]  gran_size: 128K 	chunk_size: 64M 	num_reg: 8  	lose cover RAM: 0G
Dec 28 09:26:20 MT kernel: [    0.003788]  gran_size: 128K 	chunk_size: 128M 	num_reg: 8  	lose cover RAM: 0G
Dec 28 09:26:20 MT kernel: [    0.003789]  gran_size: 128K 	chunk_size: 256M 	num_reg: 8  	lose cover RAM: 0G
Dec 28 09:26:20 MT kernel: [    0.003789]  gran_size: 128K 	chunk_size: 512M 	num_reg: 8  	lose cover RAM: 0G
Dec 28 09:26:20 MT kernel: [    0.003790]  gran_size: 128K 	chunk_size: 1G 	num_reg: 8  	lose cover RAM: 0G
Dec 28 09:26:20 MT kernel: [    0.003791]  gran_size: 128K 	chunk_size: 2G 	num_reg: 8  	lose cover RAM: 0G
Dec 28 09:26:20 MT kernel: [    0.003791]  gran_size: 256K 	chunk_size: 256K 	num_reg: 8  	lose cover RAM: 0G
Dec 28 09:26:20 MT kernel: [    0.003792]  gran_size: 256K 	chunk_size: 512K 	num_reg: 8  	lose cover RAM: 0G
Dec 28 09:26:20 MT kernel: [    0.003792]  gran_size: 256K 	chunk_size: 1M 	num_reg: 8  	lose cover RAM: 0G
Dec 28 09:26:20 MT kernel: [    0.003793]  gran_size: 256K 	chunk_size: 2M 	num_reg: 8  	lose cover RAM: 0G
Dec 28 09:26:20 MT kernel: [    0.003793]  gran_size: 256K 	chunk_size: 4M 	num_reg: 8  	lose cover RAM: 0G
Dec 28 09:26:20 MT kernel: [    0.003794]  gran_size: 256K 	chunk_size: 8M 	num_reg: 8  	lose cover RAM: 0G
Dec 28 09:26:20 MT kernel: [    0.003794]  gran_size: 256K 	chunk_size: 16M 	num_reg: 8  	lose cover RAM: 0G
Dec 28 09:26:20 MT kernel: [    0.003795]  gran_size: 256K 	chunk_size: 32M 	num_reg: 8  	lose cover RAM: 0G
Dec 28 09:26:20 MT kernel: [    0.003795]  gran_size: 256K 	chunk_size: 64M 	num_reg: 8  	lose cover RAM: 0G
Dec 28 09:26:20 MT kernel: [    0.003796]  gran_size: 256K 	chunk_size: 128M 	num_reg: 8  	lose cover RAM: 0G
Dec 28 09:26:20 MT kernel: [    0.003797]  gran_size: 256K 	chunk_size: 256M 	num_reg: 8  	lose cover RAM: 0G
Dec 28 09:26:20 MT kernel: [    0.003797]  gran_size: 256K 	chunk_size: 512M 	num_reg: 8  	lose cover RAM: 0G
Dec 28 09:26:20 MT kernel: [    0.003798]  gran_size: 256K 	chunk_size: 1G 	num_reg: 8  	lose cover RAM: 0G
Dec 28 09:26:20 MT kernel: [    0.003798]  gran_size: 256K 	chunk_size: 2G 	num_reg: 8  	lose cover RAM: 0G
Dec 28 09:26:20 MT kernel: [    0.003799]  gran_size: 512K 	chunk_size: 512K 	num_reg: 8  	lose cover RAM: 0G
Dec 28 09:26:20 MT kernel: [    0.003799]  gran_size: 512K 	chunk_size: 1M 	num_reg: 8  	lose cover RAM: 0G
Dec 28 09:26:20 MT kernel: [    0.003800]  gran_size: 512K 	chunk_size: 2M 	num_reg: 8  	lose cover RAM: 0G
Dec 28 09:26:20 MT kernel: [    0.003800]  gran_size: 512K 	chunk_size: 4M 	num_reg: 8  	lose cover RAM: 0G
Dec 28 09:26:20 MT kernel: [    0.003801]  gran_size: 512K 	chunk_size: 8M 	num_reg: 8  	lose cover RAM: 0G
Dec 28 09:26:20 MT kernel: [    0.003801]  gran_size: 512K 	chunk_size: 16M 	num_reg: 8  	lose cover RAM: 0G
Dec 28 09:26:20 MT kernel: [    0.003802]  gran_size: 512K 	chunk_size: 32M 	num_reg: 8  	lose cover RAM: 0G
Dec 28 09:26:20 MT kernel: [    0.003802]  gran_size: 512K 	chunk_size: 64M 	num_reg: 8  	lose cover RAM: 0G
Dec 28 09:26:20 MT kernel: [    0.003803]  gran_size: 512K 	chunk_size: 128M 	num_reg: 8  	lose cover RAM: 0G
Dec 28 09:26:20 MT kernel: [    0.003803]  gran_size: 512K 	chunk_size: 256M 	num_reg: 8  	lose cover RAM: 0G
Dec 28 09:26:20 MT kernel: [    0.003804]  gran_size: 512K 	chunk_size: 512M 	num_reg: 8  	lose cover RAM: 0G
Dec 28 09:26:20 MT kernel: [    0.003804]  gran_size: 512K 	chunk_size: 1G 	num_reg: 8  	lose cover RAM: 0G
Dec 28 09:26:20 MT kernel: [    0.003805]  gran_size: 512K 	chunk_size: 2G 	num_reg: 8  	lose cover RAM: 0G
Dec 28 09:26:20 MT kernel: [    0.003805]  gran_size: 1M 	chunk_size: 1M 	num_reg: 8  	lose cover RAM: 0G
Dec 28 09:26:20 MT kernel: [    0.003806]  gran_size: 1M 	chunk_size: 2M 	num_reg: 8  	lose cover RAM: 0G
Dec 28 09:26:20 MT kernel: [    0.003807]  gran_size: 1M 	chunk_size: 4M 	num_reg: 8  	lose cover RAM: 0G
Dec 28 09:26:20 MT kernel: [    0.003807]  gran_size: 1M 	chunk_size: 8M 	num_reg: 8  	lose cover RAM: 0G
Dec 28 09:26:20 MT kernel: [    0.003808]  gran_size: 1M 	chunk_size: 16M 	num_reg: 8  	lose cover RAM: 0G
Dec 28 09:26:20 MT kernel: [    0.003808]  gran_size: 1M 	chunk_size: 32M 	num_reg: 8  	lose cover RAM: 0G
Dec 28 09:26:20 MT kernel: [    0.003809]  gran_size: 1M 	chunk_size: 64M 	num_reg: 8  	lose cover RAM: 0G
Dec 28 09:26:20 MT kernel: [    0.003809]  gran_size: 1M 	chunk_size: 128M 	num_reg: 8  	lose cover RAM: 0G
Dec 28 09:26:20 MT kernel: [    0.003810]  gran_size: 1M 	chunk_size: 256M 	num_reg: 8  	lose cover RAM: 0G
Dec 28 09:26:20 MT kernel: [    0.003810]  gran_size: 1M 	chunk_size: 512M 	num_reg: 8  	lose cover RAM: 0G
Dec 28 09:26:20 MT kernel: [    0.003811]  gran_size: 1M 	chunk_size: 1G 	num_reg: 8  	lose cover RAM: 0G
Dec 28 09:26:20 MT kernel: [    0.003811]  gran_size: 1M 	chunk_size: 2G 	num_reg: 8  	lose cover RAM: 0G
Dec 28 09:26:20 MT kernel: [    0.003812]  gran_size: 2M 	chunk_size: 2M 	num_reg: 8  	lose cover RAM: 0G
Dec 28 09:26:20 MT kernel: [    0.003812]  gran_size: 2M 	chunk_size: 4M 	num_reg: 8  	lose cover RAM: 0G
Dec 28 09:26:20 MT kernel: [    0.003813]  gran_size: 2M 	chunk_size: 8M 	num_reg: 8  	lose cover RAM: 0G
Dec 28 09:26:20 MT kernel: [    0.003813]  gran_size: 2M 	chunk_size: 16M 	num_reg: 8  	lose cover RAM: 0G
Dec 28 09:26:20 MT kernel: [    0.003814]  gran_size: 2M 	chunk_size: 32M 	num_reg: 8  	lose cover RAM: 0G
Dec 28 09:26:20 MT kernel: [    0.003815]  gran_size: 2M 	chunk_size: 64M 	num_reg: 8  	lose cover RAM: 0G
Dec 28 09:26:20 MT kernel: [    0.003815]  gran_size: 2M 	chunk_size: 128M 	num_reg: 8  	lose cover RAM: 0G
Dec 28 09:26:20 MT kernel: [    0.003816]  gran_size: 2M 	chunk_size: 256M 	num_reg: 8  	lose cover RAM: 0G
Dec 28 09:26:20 MT kernel: [    0.003816]  gran_size: 2M 	chunk_size: 512M 	num_reg: 8  	lose cover RAM: 0G
Dec 28 09:26:20 MT kernel: [    0.003817]  gran_size: 2M 	chunk_size: 1G 	num_reg: 8  	lose cover RAM: 0G
Dec 28 09:26:20 MT kernel: [    0.003817]  gran_size: 2M 	chunk_size: 2G 	num_reg: 8  	lose cover RAM: 0G
Dec 28 09:26:20 MT kernel: [    0.003818]  gran_size: 4M 	chunk_size: 4M 	num_reg: 8  	lose cover RAM: 0G
Dec 28 09:26:20 MT kernel: [    0.003818]  gran_size: 4M 	chunk_size: 8M 	num_reg: 8  	lose cover RAM: 0G
Dec 28 09:26:20 MT kernel: [    0.003819]  gran_size: 4M 	chunk_size: 16M 	num_reg: 8  	lose cover RAM: 0G
Dec 28 09:26:20 MT kernel: [    0.003819]  gran_size: 4M 	chunk_size: 32M 	num_reg: 8  	lose cover RAM: 0G
Dec 28 09:26:20 MT kernel: [    0.003820]  gran_size: 4M 	chunk_size: 64M 	num_reg: 8  	lose cover RAM: 0G
Dec 28 09:26:20 MT kernel: [    0.003820]  gran_size: 4M 	chunk_size: 128M 	num_reg: 8  	lose cover RAM: 0G
Dec 28 09:26:20 MT kernel: [    0.003821]  gran_size: 4M 	chunk_size: 256M 	num_reg: 8  	lose cover RAM: 0G
Dec 28 09:26:20 MT kernel: [    0.003821]  gran_size: 4M 	chunk_size: 512M 	num_reg: 8  	lose cover RAM: 0G
Dec 28 09:26:20 MT kernel: [    0.003822]  gran_size: 4M 	chunk_size: 1G 	num_reg: 8  	lose cover RAM: 0G
Dec 28 09:26:20 MT kernel: [    0.003822]  gran_size: 4M 	chunk_size: 2G 	num_reg: 8  	lose cover RAM: 0G
Dec 28 09:26:20 MT kernel: [    0.003823]  gran_size: 8M 	chunk_size: 8M 	num_reg: 8  	lose cover RAM: 0G
Dec 28 09:26:20 MT kernel: [    0.003823]  gran_size: 8M 	chunk_size: 16M 	num_reg: 8  	lose cover RAM: 0G
Dec 28 09:26:20 MT kernel: [    0.003824]  gran_size: 8M 	chunk_size: 32M 	num_reg: 8  	lose cover RAM: 0G
Dec 28 09:26:20 MT kernel: [    0.003824]  gran_size: 8M 	chunk_size: 64M 	num_reg: 8  	lose cover RAM: 0G
Dec 28 09:26:20 MT kernel: [    0.003825]  gran_size: 8M 	chunk_size: 128M 	num_reg: 8  	lose cover RAM: 0G
Dec 28 09:26:20 MT kernel: [    0.003825]  gran_size: 8M 	chunk_size: 256M 	num_reg: 8  	lose cover RAM: 0G
Dec 28 09:26:20 MT kernel: [    0.003826]  gran_size: 8M 	chunk_size: 512M 	num_reg: 8  	lose cover RAM: 0G
Dec 28 09:26:20 MT kernel: [    0.003826]  gran_size: 8M 	chunk_size: 1G 	num_reg: 8  	lose cover RAM: 0G
Dec 28 09:26:20 MT kernel: [    0.003827]  gran_size: 8M 	chunk_size: 2G 	num_reg: 8  	lose cover RAM: 0G
Dec 28 09:26:20 MT kernel: [    0.003827]  gran_size: 16M 	chunk_size: 16M 	num_reg: 8  	lose cover RAM: 0G
Dec 28 09:26:20 MT kernel: [    0.003828]  gran_size: 16M 	chunk_size: 32M 	num_reg: 8  	lose cover RAM: 0G
Dec 28 09:26:20 MT kernel: [    0.003828]  gran_size: 16M 	chunk_size: 64M 	num_reg: 8  	lose cover RAM: 0G
Dec 28 09:26:20 MT kernel: [    0.003829]  gran_size: 16M 	chunk_size: 128M 	num_reg: 8  	lose cover RAM: 0G
Dec 28 09:26:20 MT kernel: [    0.003829]  gran_size: 16M 	chunk_size: 256M 	num_reg: 8  	lose cover RAM: 0G
Dec 28 09:26:20 MT kernel: [    0.003830]  gran_size: 16M 	chunk_size: 512M 	num_reg: 8  	lose cover RAM: 0G
Dec 28 09:26:20 MT kernel: [    0.003830]  gran_size: 16M 	chunk_size: 1G 	num_reg: 8  	lose cover RAM: 0G
Dec 28 09:26:20 MT kernel: [    0.003831]  gran_size: 16M 	chunk_size: 2G 	num_reg: 8  	lose cover RAM: 0G
Dec 28 09:26:20 MT kernel: [    0.003831]  gran_size: 32M 	chunk_size: 32M 	num_reg: 8  	lose cover RAM: 0G
Dec 28 09:26:20 MT kernel: [    0.003832]  gran_size: 32M 	chunk_size: 64M 	num_reg: 8  	lose cover RAM: 0G
Dec 28 09:26:20 MT kernel: [    0.003832]  gran_size: 32M 	chunk_size: 128M 	num_reg: 8  	lose cover RAM: 0G
Dec 28 09:26:20 MT kernel: [    0.003833]  gran_size: 32M 	chunk_size: 256M 	num_reg: 8  	lose cover RAM: 0G
Dec 28 09:26:20 MT kernel: [    0.003833]  gran_size: 32M 	chunk_size: 512M 	num_reg: 8  	lose cover RAM: 0G
Dec 28 09:26:20 MT kernel: [    0.003834]  gran_size: 32M 	chunk_size: 1G 	num_reg: 8  	lose cover RAM: 0G
Dec 28 09:26:20 MT kernel: [    0.003834]  gran_size: 32M 	chunk_size: 2G 	num_reg: 8  	lose cover RAM: 0G
Dec 28 09:26:20 MT kernel: [    0.003835]  gran_size: 64M 	chunk_size: 64M 	num_reg: 8  	lose cover RAM: 0G
Dec 28 09:26:20 MT kernel: [    0.003835]  gran_size: 64M 	chunk_size: 128M 	num_reg: 8  	lose cover RAM: 0G
Dec 28 09:26:20 MT kernel: [    0.003835]  gran_size: 64M 	chunk_size: 256M 	num_reg: 8  	lose cover RAM: 0G
Dec 28 09:26:20 MT kernel: [    0.003836]  gran_size: 64M 	chunk_size: 512M 	num_reg: 8  	lose cover RAM: 0G
Dec 28 09:26:20 MT kernel: [    0.003836]  gran_size: 64M 	chunk_size: 1G 	num_reg: 8  	lose cover RAM: 0G
Dec 28 09:26:20 MT kernel: [    0.003837]  gran_size: 64M 	chunk_size: 2G 	num_reg: 8  	lose cover RAM: 0G
Dec 28 09:26:20 MT kernel: [    0.003837]  gran_size: 128M 	chunk_size: 128M 	num_reg: 8  	lose cover RAM: 0G
Dec 28 09:26:20 MT kernel: [    0.003838]  gran_size: 128M 	chunk_size: 256M 	num_reg: 8  	lose cover RAM: 0G
Dec 28 09:26:20 MT kernel: [    0.003838]  gran_size: 128M 	chunk_size: 512M 	num_reg: 8  	lose cover RAM: 0G
Dec 28 09:26:20 MT kernel: [    0.003839]  gran_size: 128M 	chunk_size: 1G 	num_reg: 8  	lose cover RAM: 0G
Dec 28 09:26:20 MT kernel: [    0.003840]  gran_size: 128M 	chunk_size: 2G 	num_reg: 8  	lose cover RAM: 0G
Dec 28 09:26:20 MT kernel: [    0.003840]  gran_size: 256M 	chunk_size: 256M 	num_reg: 8  	lose cover RAM: 0G
Dec 28 09:26:20 MT kernel: [    0.003841]  gran_size: 256M 	chunk_size: 512M 	num_reg: 8  	lose cover RAM: 0G
Dec 28 09:26:20 MT kernel: [    0.003841]  gran_size: 256M 	chunk_size: 1G 	num_reg: 8  	lose cover RAM: 0G
Dec 28 09:26:20 MT kernel: [    0.003842]  gran_size: 256M 	chunk_size: 2G 	num_reg: 8  	lose cover RAM: 0G
Dec 28 09:26:20 MT kernel: [    0.003842]  gran_size: 512M 	chunk_size: 512M 	num_reg: 8  	lose cover RAM: 0G
Dec 28 09:26:20 MT kernel: [    0.003843]  gran_size: 512M 	chunk_size: 1G 	num_reg: 8  	lose cover RAM: 0G
Dec 28 09:26:20 MT kernel: [    0.003843]  gran_size: 512M 	chunk_size: 2G 	num_reg: 8  	lose cover RAM: 0G
Dec 28 09:26:20 MT kernel: [    0.003844]  gran_size: 1G 	chunk_size: 1G 	num_reg: 8  	lose cover RAM: 0G
Dec 28 09:26:20 MT kernel: [    0.003844]  gran_size: 1G 	chunk_size: 2G 	num_reg: 8  	lose cover RAM: 0G
Dec 28 09:26:20 MT kernel: [    0.003845]  gran_size: 2G 	chunk_size: 2G 	num_reg: 7  	lose cover RAM: 1G
Dec 28 09:26:20 MT kernel: [    0.003845] mtrr_cleanup: can not find optimal value
Dec 28 09:26:20 MT kernel: [    0.003845] please specify mtrr_gran_size/mtrr_chunk_size
Dec 28 09:26:20 MT kernel: [    0.003851] e820: update [mem 0xc0000000-0xffffffff] usable ==> reserved
Dec 28 09:26:20 MT kernel: [    0.003853] last_pfn = 0xc0000 max_arch_pfn = 0x400000000
Dec 28 09:26:20 MT kernel: [    0.010473] found SMP MP-table at [mem 0x000f6a70-0x000f6a7f]
Dec 28 09:26:20 MT kernel: [    0.041790] check: Scanning 1 areas for low memory corruption
Dec 28 09:26:20 MT kernel: [    0.041830] Using GB pages for direct mapping
Dec 28 09:26:20 MT kernel: [    0.041941] RAMDISK: [mem 0x32163000-0x350a8fff]
Dec 28 09:26:20 MT kernel: [    0.041973] ACPI: Early table checksum verification disabled
Dec 28 09:26:20 MT kernel: [    0.041978] ACPI: RSDP 0x00000000000F6A00 000024 (v02 PTLTD )
Dec 28 09:26:20 MT kernel: [    0.041981] ACPI: XSDT 0x00000000BFEE6633 00005C (v01 INTEL  440BX    06040000 VMW  01324272)
Dec 28 09:26:20 MT kernel: [    0.041985] ACPI: FACP 0x00000000BFEFEE73 0000F4 (v04 INTEL  440BX    06040000 PTL  000F4240)
Dec 28 09:26:20 MT kernel: [    0.041989] ACPI: DSDT 0x00000000BFEE7CBD 0171B6 (v01 PTLTD  Custom   06040000 MSFT 03000001)
Dec 28 09:26:20 MT kernel: [    0.042005] ACPI: FACS 0x00000000BFEFFFC0 000040
Dec 28 09:26:20 MT kernel: [    0.042008] ACPI: FACS 0x00000000BFEFFFC0 000040
Dec 28 09:26:20 MT kernel: [    0.042010] ACPI: BOOT 0x00000000BFEE7C95 000028 (v01 PTLTD  $SBFTBL$ 06040000  LTP 00000001)
Dec 28 09:26:20 MT kernel: [    0.042012] ACPI: APIC 0x00000000BFEE7553 000742 (v01 PTLTD  ? APIC   06040000  LTP 00000000)
Dec 28 09:26:20 MT kernel: [    0.042015] ACPI: MCFG 0x00000000BFEE7517 00003C (v01 PTLTD  $PCITBL$ 06040000  LTP 00000001)
Dec 28 09:26:20 MT kernel: [    0.042017] ACPI: SRAT 0x00000000BFEE672F 0008D0 (v02 VMWARE MEMPLUG  06040000 VMW  00000001)
Dec 28 09:26:20 MT kernel: [    0.042019] ACPI: HPET 0x00000000BFEE66F7 000038 (v01 VMWARE VMW HPET 06040000 VMW  00000001)
Dec 28 09:26:20 MT kernel: [    0.042021] ACPI: WAET 0x00000000BFEE66CF 000028 (v01 VMWARE VMW WAET 06040000 VMW  00000001)
Dec 28 09:26:20 MT kernel: [    0.042029] ACPI: Local APIC address 0xfee00000
Dec 28 09:26:20 MT kernel: [    0.042032] system APIC only can use physical flat
Dec 28 09:26:20 MT kernel: [    0.042033] Setting APIC routing to physical flat.
Dec 28 09:26:20 MT kernel: [    0.042090] SRAT: PXM 0 -> APIC 0x00 -> Node 0
Dec 28 09:26:20 MT kernel: [    0.042090] SRAT: PXM 0 -> APIC 0x01 -> Node 0
Dec 28 09:26:20 MT kernel: [    0.042091] SRAT: PXM 0 -> APIC 0x02 -> Node 0
Dec 28 09:26:20 MT kernel: [    0.042091] SRAT: PXM 0 -> APIC 0x03 -> Node 0
Dec 28 09:26:20 MT kernel: [    0.042091] SRAT: PXM 0 -> APIC 0x04 -> Node 0
Dec 28 09:26:20 MT kernel: [    0.042092] SRAT: PXM 0 -> APIC 0x05 -> Node 0
Dec 28 09:26:20 MT kernel: [    0.042092] SRAT: PXM 0 -> APIC 0x06 -> Node 0
Dec 28 09:26:20 MT kernel: [    0.042092] SRAT: PXM 0 -> APIC 0x07 -> Node 0
Dec 28 09:26:20 MT kernel: [    0.042093] SRAT: PXM 0 -> APIC 0x08 -> Node 0
Dec 28 09:26:20 MT kernel: [    0.042093] SRAT: PXM 0 -> APIC 0x09 -> Node 0
Dec 28 09:26:20 MT kernel: [    0.042093] SRAT: PXM 0 -> APIC 0x0a -> Node 0
Dec 28 09:26:20 MT kernel: [    0.042094] SRAT: PXM 0 -> APIC 0x0b -> Node 0
Dec 28 09:26:20 MT kernel: [    0.042094] SRAT: PXM 0 -> APIC 0x0c -> Node 0
Dec 28 09:26:20 MT kernel: [    0.042094] SRAT: PXM 0 -> APIC 0x0d -> Node 0
Dec 28 09:26:20 MT kernel: [    0.042095] SRAT: PXM 0 -> APIC 0x0e -> Node 0
Dec 28 09:26:20 MT kernel: [    0.042095] SRAT: PXM 0 -> APIC 0x0f -> Node 0
Dec 28 09:26:20 MT kernel: [    0.042095] SRAT: PXM 0 -> APIC 0x10 -> Node 0
Dec 28 09:26:20 MT kernel: [    0.042096] SRAT: PXM 0 -> APIC 0x11 -> Node 0
Dec 28 09:26:20 MT kernel: [    0.042096] SRAT: PXM 0 -> APIC 0x12 -> Node 0
Dec 28 09:26:20 MT kernel: [    0.042096] SRAT: PXM 0 -> APIC 0x13 -> Node 0
Dec 28 09:26:20 MT kernel: [    0.042097] SRAT: PXM 0 -> APIC 0x14 -> Node 0
Dec 28 09:26:20 MT kernel: [    0.042097] SRAT: PXM 0 -> APIC 0x15 -> Node 0
Dec 28 09:26:20 MT kernel: [    0.042097] SRAT: PXM 0 -> APIC 0x16 -> Node 0
Dec 28 09:26:20 MT kernel: [    0.042097] SRAT: PXM 0 -> APIC 0x17 -> Node 0
Dec 28 09:26:20 MT kernel: [    0.042098] SRAT: PXM 0 -> APIC 0x18 -> Node 0
Dec 28 09:26:20 MT kernel: [    0.042098] SRAT: PXM 0 -> APIC 0x19 -> Node 0
Dec 28 09:26:20 MT kernel: [    0.042098] SRAT: PXM 0 -> APIC 0x1a -> Node 0
Dec 28 09:26:20 MT kernel: [    0.042099] SRAT: PXM 0 -> APIC 0x1b -> Node 0
Dec 28 09:26:20 MT kernel: [    0.042099] SRAT: PXM 0 -> APIC 0x1c -> Node 0
Dec 28 09:26:20 MT kernel: [    0.042099] SRAT: PXM 0 -> APIC 0x1d -> Node 0
Dec 28 09:26:20 MT kernel: [    0.042100] SRAT: PXM 0 -> APIC 0x1e -> Node 0
Dec 28 09:26:20 MT kernel: [    0.042100] SRAT: PXM 0 -> APIC 0x1f -> Node 0
Dec 28 09:26:20 MT kernel: [    0.042100] SRAT: PXM 0 -> APIC 0x20 -> Node 0
Dec 28 09:26:20 MT kernel: [    0.042101] SRAT: PXM 0 -> APIC 0x21 -> Node 0
Dec 28 09:26:20 MT kernel: [    0.042101] SRAT: PXM 0 -> APIC 0x22 -> Node 0
Dec 28 09:26:20 MT kernel: [    0.042101] SRAT: PXM 0 -> APIC 0x23 -> Node 0
Dec 28 09:26:20 MT kernel: [    0.042102] SRAT: PXM 0 -> APIC 0x24 -> Node 0
Dec 28 09:26:20 MT kernel: [    0.042102] SRAT: PXM 0 -> APIC 0x25 -> Node 0
Dec 28 09:26:20 MT kernel: [    0.042102] SRAT: PXM 0 -> APIC 0x26 -> Node 0
Dec 28 09:26:20 MT kernel: [    0.042102] SRAT: PXM 0 -> APIC 0x27 -> Node 0
Dec 28 09:26:20 MT kernel: [    0.042103] SRAT: PXM 0 -> APIC 0x28 -> Node 0
Dec 28 09:26:20 MT kernel: [    0.042103] SRAT: PXM 0 -> APIC 0x29 -> Node 0
Dec 28 09:26:20 MT kernel: [    0.042103] SRAT: PXM 0 -> APIC 0x2a -> Node 0
Dec 28 09:26:20 MT kernel: [    0.042104] SRAT: PXM 0 -> APIC 0x2b -> Node 0
Dec 28 09:26:20 MT kernel: [    0.042104] SRAT: PXM 0 -> APIC 0x2c -> Node 0
Dec 28 09:26:20 MT kernel: [    0.042104] SRAT: PXM 0 -> APIC 0x2d -> Node 0
Dec 28 09:26:20 MT kernel: [    0.042105] SRAT: PXM 0 -> APIC 0x2e -> Node 0
Dec 28 09:26:20 MT kernel: [    0.042105] SRAT: PXM 0 -> APIC 0x2f -> Node 0
Dec 28 09:26:20 MT kernel: [    0.042105] SRAT: PXM 0 -> APIC 0x30 -> Node 0
Dec 28 09:26:20 MT kernel: [    0.042106] SRAT: PXM 0 -> APIC 0x31 -> Node 0
Dec 28 09:26:20 MT kernel: [    0.042106] SRAT: PXM 0 -> APIC 0x32 -> Node 0
Dec 28 09:26:20 MT kernel: [    0.042106] SRAT: PXM 0 -> APIC 0x33 -> Node 0
Dec 28 09:26:20 MT kernel: [    0.042116] SRAT: PXM 0 -> APIC 0x34 -> Node 0
Dec 28 09:26:20 MT kernel: [    0.042116] SRAT: PXM 0 -> APIC 0x35 -> Node 0
Dec 28 09:26:20 MT kernel: [    0.042117] SRAT: PXM 0 -> APIC 0x36 -> Node 0
Dec 28 09:26:20 MT kernel: [    0.042117] SRAT: PXM 0 -> APIC 0x37 -> Node 0
Dec 28 09:26:20 MT kernel: [    0.042118] SRAT: PXM 0 -> APIC 0x38 -> Node 0
Dec 28 09:26:20 MT kernel: [    0.042119] SRAT: PXM 0 -> APIC 0x39 -> Node 0
Dec 28 09:26:20 MT kernel: [    0.042120] SRAT: PXM 0 -> APIC 0x3a -> Node 0
Dec 28 09:26:20 MT systemd-sysusers[396]: Creating group systemd-coredump with gid 999.
Dec 28 09:26:20 MT systemd-sysusers[396]: Creating user systemd-coredump (systemd Core Dumper) with uid 999 and gid 999.
Dec 28 09:26:20 MT systemd-modules-load[387]: Inserted module 'ppdev'
Dec 28 09:26:20 MT systemd-modules-load[387]: Inserted module 'parport_pc'
Dec 28 09:26:20 MT systemd-modules-load[387]: Module 'fuse' is built in
Dec 28 09:26:20 MT systemd[1]: Starting Flush Journal to Persistent Storage...
Dec 28 09:26:20 MT kernel: [    0.042121] SRAT: PXM 0 -> APIC 0x3b -> Node 0
Dec 28 09:26:20 MT kernel: [    0.042122] SRAT: PXM 0 -> APIC 0x3c -> Node 0
Dec 28 09:26:20 MT kernel: [    0.042122] SRAT: PXM 0 -> APIC 0x3d -> Node 0
Dec 28 09:26:20 MT kernel: [    0.042123] SRAT: PXM 0 -> APIC 0x3e -> Node 0
Dec 28 09:26:20 MT kernel: [    0.042123] SRAT: PXM 0 -> APIC 0x3f -> Node 0
Dec 28 09:26:20 MT kernel: [    0.042124] SRAT: PXM 0 -> APIC 0x40 -> Node 0
Dec 28 09:26:20 MT systemd-modules-load[387]: Inserted module 'vmwgfx'
Dec 28 09:26:20 MT systemd[1]: Finished Load Kernel Modules.
Dec 28 09:26:20 MT systemd[1]: Mounting FUSE Control File System...
Dec 28 09:26:20 MT systemd[1]: Mounting Kernel Configuration File System...
Dec 28 09:26:20 MT systemd[1]: Starting Apply Kernel Variables...
Dec 28 09:26:20 MT systemd[1]: Mounted Kernel Configuration File System.
Dec 28 09:26:20 MT kernel: [    0.042124] SRAT: PXM 0 -> APIC 0x41 -> Node 0
Dec 28 09:26:20 MT kernel: [    0.042125] SRAT: PXM 0 -> APIC 0x42 -> Node 0
Dec 28 09:26:20 MT kernel: [    0.042126] SRAT: PXM 0 -> APIC 0x43 -> Node 0
Dec 28 09:26:20 MT kernel: [    0.042126] SRAT: PXM 0 -> APIC 0x44 -> Node 0
Dec 28 09:26:20 MT kernel: [    0.042126] SRAT: PXM 0 -> APIC 0x45 -> Node 0
Dec 28 09:26:20 MT kernel: [    0.042127] SRAT: PXM 0 -> APIC 0x46 -> Node 0
Dec 28 09:26:20 MT systemd[1]: Mounted FUSE Control File System.
Dec 28 09:26:20 MT systemd[1]: Mounting VMware vmblock fuse mount...
Dec 28 09:26:20 MT systemd[1]: Mounted VMware vmblock fuse mount.
Dec 28 09:26:20 MT systemd-sysctl[412]: Not setting net/ipv4/conf/all/promote_secondaries (explicit setting exists).
Dec 28 09:26:20 MT systemd-sysctl[412]: Not setting net/ipv4/conf/default/promote_secondaries (explicit setting exists).
Dec 28 09:26:20 MT systemd[1]: Finished Apply Kernel Variables.
Dec 28 09:26:20 MT systemd[1]: Finished Flush Journal to Persistent Storage.
Dec 28 09:26:20 MT systemd[1]: Started udev Kernel Device Manager.
Dec 28 09:26:20 MT systemd[1]: Starting Show Plymouth Boot Screen...
Dec 28 09:26:20 MT systemd[1]: Received SIGRTMIN+20 from PID 441 (plymouthd).
Dec 28 09:26:20 MT systemd[1]: Started Show Plymouth Boot Screen.
Dec 28 09:26:20 MT systemd[1]: Condition check resulted in Dispatch Password Requests to Console Directory Watch being skipped.
Dec 28 09:26:20 MT systemd[1]: Started Forward Password Requests to Plymouth Directory Watch.
Dec 28 09:26:20 MT systemd[1]: Reached target Local Encrypted Volumes.
Dec 28 09:26:20 MT systemd-udevd[438]: Using default interface naming scheme 'v245'.
Dec 28 09:26:20 MT systemd-udevd[438]: ethtool: autonegotiation is unset or enabled, the speed and duplex are not writable.
Dec 28 09:26:20 MT systemd-udevd[436]: ethtool: autonegotiation is unset or enabled, the speed and duplex are not writable.
Dec 28 09:26:20 MT systemd[1]: Listening on Load/Save RF Kill Switch Status /dev/rfkill Watch.
Dec 28 09:26:20 MT mtp-probe: checking bus 2, device 2: "/sys/devices/pci0000:00/0000:00:11.0/0000:02:00.0/usb2/2-1"
Dec 28 09:26:20 MT mtp-probe: bus: 2, device: 2 was not an MTP device
Dec 28 09:26:20 MT systemd[1]: Starting Load/Save RF Kill Switch Status...
Dec 28 09:26:20 MT systemd[1]: Condition check resulted in Dispatch Password Requests to Console Directory Watch being skipped.
Dec 28 09:26:20 MT systemd[1]: Condition check resulted in Set Up Additional Binary Formats being skipped.
Dec 28 09:26:20 MT systemd[1]: Condition check resulted in File System Check on Root Device being skipped.
Dec 28 09:26:20 MT systemd[1]: Condition check resulted in Rebuild Hardware Database being skipped.
Dec 28 09:26:20 MT systemd[1]: Condition check resulted in Platform Persistent Storage Archival being skipped.
Dec 28 09:26:20 MT systemd[1]: Started Load/Save RF Kill Switch Status.
Dec 28 09:26:20 MT systemd[1]: Condition check resulted in Dispatch Password Requests to Console Directory Watch being skipped.
Dec 28 09:26:20 MT systemd[1]: Condition check resulted in Set Up Additional Binary Formats being skipped.
Dec 28 09:26:20 MT systemd[1]: Condition check resulted in File System Check on Root Device being skipped.
Dec 28 09:26:20 MT systemd[1]: Condition check resulted in Rebuild Hardware Database being skipped.
Dec 28 09:26:20 MT systemd[1]: Condition check resulted in Platform Persistent Storage Archival being skipped.
Dec 28 09:26:20 MT systemd[1]: Found device VMware_Virtual_S 1.
Dec 28 09:26:20 MT systemd[1]: Starting File System Check on /dev/disk/by-uuid/8FB5-BFA4...
Dec 28 09:26:20 MT systemd[1]: Started File System Check Daemon to report status.
Dec 28 09:26:20 MT systemd-fsck[572]: fsck.fat 4.1 (2017-01-24)
Dec 28 09:26:20 MT systemd-fsck[572]: /dev/sda1: 0 files, 1/130812 clusters
Dec 28 09:26:20 MT systemd[1]: Finished File System Check on /dev/disk/by-uuid/8FB5-BFA4.
Dec 28 09:26:20 MT systemd[1]: Mounting /boot/efi...
Dec 28 09:26:20 MT systemd[1]: Mounted /boot/efi.
Dec 28 09:26:20 MT systemd[1]: Reached target Local File Systems.
Dec 28 09:26:20 MT systemd[1]: Starting Load AppArmor profiles...
Dec 28 09:26:20 MT systemd[1]: Starting Set console font and keymap...
Dec 28 09:26:20 MT systemd[1]: Starting Tell Plymouth To Write Out Runtime Data...
Dec 28 09:26:20 MT systemd[1]: Condition check resulted in Store a System Token in an EFI Variable being skipped.
Dec 28 09:26:20 MT systemd[1]: Starting Commit a transient machine-id on disk...
Dec 28 09:26:20 MT systemd[1]: Starting Create Volatile Files and Directories...
Dec 28 09:26:20 MT systemd[1]: Received SIGRTMIN+20 from PID 441 (plymouthd).
Dec 28 09:26:20 MT systemd[1]: plymouth-read-write.service: Succeeded.
Dec 28 09:26:20 MT systemd[1]: Finished Tell Plymouth To Write Out Runtime Data.
Dec 28 09:26:20 MT systemd[1]: Finished Set console font and keymap.
Dec 28 09:26:20 MT systemd[1]: etc-machine\x2did.mount: Succeeded.
Dec 28 09:26:20 MT systemd[1]: Finished Commit a transient machine-id on disk.
Dec 28 09:26:20 MT apparmor.systemd[575]: Restarting AppArmor
Dec 28 09:26:20 MT apparmor.systemd[575]: Reloading AppArmor profiles
Dec 28 09:26:20 MT systemd-udevd[445]: controlC0: Process '/usr/sbin/alsactl -E HOME=/run/alsa -E XDG_RUNTIME_DIR=/run/alsa/runtime restore 0' failed with exit code 2.
Dec 28 09:26:20 MT systemd[1]: Finished Create Volatile Files and Directories.
Dec 28 09:26:20 MT systemd[1]: Starting Network Name Resolution...
Dec 28 09:26:20 MT systemd[1]: Starting Network Time Synchronization...
Dec 28 09:26:20 MT systemd[1]: Starting Update UTMP about System Boot/Shutdown...
Dec 28 09:26:20 MT systemd[1]: Finished Update UTMP about System Boot/Shutdown.
Dec 28 09:26:20 MT apparmor.systemd[591]: Skipping profile in /etc/apparmor.d/disable: usr.sbin.rsyslogd
Dec 28 09:26:20 MT systemd[1]: Started Network Time Synchronization.
Dec 28 09:26:20 MT systemd[1]: Reached target System Time Set.
Dec 28 09:26:20 MT systemd[1]: Reached target System Time Synchronized.
Dec 28 09:26:20 MT apparmor.systemd[599]: Skipping profile in /etc/apparmor.d/disable: usr.bin.firefox
Dec 28 09:26:20 MT systemd-resolved[586]: Positive Trust Anchors:
Dec 28 09:26:20 MT systemd-resolved[586]: . IN DS 20326 8 2 e06d44b80b8f1d39a95c0b0d7c65d08458e880409bbc683457104237c7f8ec8d
Dec 28 09:26:20 MT systemd-resolved[586]: Negative trust anchors: 10.in-addr.arpa 16.172.in-addr.arpa 17.172.in-addr.arpa 18.172.in-addr.arpa 19.172.in-addr.arpa 20.172.in-addr.arpa 21.172.in-addr.arpa 22.172.in-addr.arpa 23.172.in-addr.arpa 24.172.in-addr.arpa 25.172.in-addr.arpa 26.172.in-addr.arpa 27.172.in-addr.arpa 28.172.in-addr.arpa 29.172.in-addr.arpa 30.172.in-addr.arpa 31.172.in-addr.arpa 168.192.in-addr.arpa d.f.ip6.arpa corp home internal intranet lan local private test
Dec 28 09:26:20 MT systemd-resolved[586]: Using system hostname 'MT'.
Dec 28 09:26:20 MT systemd[1]: Started Network Name Resolution.
Dec 28 09:26:20 MT systemd[1]: Reached target Host and Network Name Lookups.
Dec 28 09:26:20 MT systemd[1]: systemd-rfkill.service: Succeeded.
Dec 28 09:26:20 MT systemd[1]: Finished Load AppArmor profiles.
Dec 28 09:26:20 MT systemd[1]: Starting Load AppArmor profiles managed internally by snapd...
Dec 28 09:26:20 MT systemd[1]: Started Authentication service for virtual machines hosted on VMware.
Dec 28 09:26:20 MT systemd[1]: Starting Service for virtual machines hosted on VMware...
Dec 28 09:26:20 MT systemd[1]: Started Service for virtual machines hosted on VMware.
Dec 28 09:26:20 MT snapd-apparmor[608]: find: ‘/var/lib/snapd/apparmor/profiles/’: 没有那个文件或目录
Dec 28 09:26:20 MT systemd[1]: Finished Load AppArmor profiles managed internally by snapd.
Dec 28 09:26:20 MT systemd[1]: Reached target System Initialization.
Dec 28 09:26:20 MT systemd[1]: Started ACPI Events Check.
Dec 28 09:26:20 MT systemd[1]: Condition check resulted in Process error reports when automatic reporting is enabled (file watch) being skipped.
Dec 28 09:26:20 MT systemd[1]: Started CUPS Scheduler.
Dec 28 09:26:20 MT systemd[1]: Started Trigger anacron every hour.
Dec 28 09:26:20 MT systemd[1]: Started Daily apt download activities.
Dec 28 09:26:20 MT systemd[1]: Started Daily apt upgrade and clean activities.
Dec 28 09:26:20 MT systemd[1]: Started Periodic ext4 Online Metadata Check for All Filesystems.
Dec 28 09:26:20 MT systemd[1]: Started Discard unused blocks once a week.
Dec 28 09:26:20 MT systemd[1]: Started Refresh fwupd metadata regularly.
Dec 28 09:26:20 MT systemd[1]: Started Daily rotation of log files.
Dec 28 09:26:20 MT systemd[1]: Started Daily man-db regeneration.
Dec 28 09:26:20 MT systemd[1]: Started Message of the Day.
Dec 28 09:26:20 MT systemd[1]: Condition check resulted in Timer to automatically fetch and run repair assertions being skipped.
Dec 28 09:26:20 MT systemd[1]: Started Daily Cleanup of Temporary Directories.
Dec 28 09:26:20 MT systemd[1]: Reached target Paths.
Dec 28 09:26:20 MT systemd[1]: Reached target Timers.
Dec 28 09:26:20 MT systemd[1]: Listening on ACPID Listen Socket.
Dec 28 09:26:20 MT systemd[1]: Condition check resulted in Unix socket for apport crash forwarding being skipped.
Dec 28 09:26:20 MT systemd[1]: Listening on Avahi mDNS/DNS-SD Stack Activation Socket.
Dec 28 09:26:20 MT systemd[1]: Listening on CUPS Scheduler.
Dec 28 09:26:20 MT systemd[1]: Listening on D-Bus System Message Bus Socket.
Dec 28 09:26:20 MT systemd[1]: Starting Socket activation for snappy daemon.
Dec 28 09:26:20 MT kernel: [    0.042128] SRAT: PXM 0 -> APIC 0x47 -> Node 0
Dec 28 09:26:20 MT kernel: [    0.042130] SRAT: PXM 0 -> APIC 0x48 -> Node 0
Dec 28 09:26:20 MT kernel: [    0.042131] SRAT: PXM 0 -> APIC 0x49 -> Node 0
Dec 28 09:26:20 MT kernel: [    0.042131] SRAT: PXM 0 -> APIC 0x4a -> Node 0
Dec 28 09:26:20 MT kernel: [    0.042132] SRAT: PXM 0 -> APIC 0x4b -> Node 0
Dec 28 09:26:20 MT kernel: [    0.042132] SRAT: PXM 0 -> APIC 0x4c -> Node 0
Dec 28 09:26:20 MT kernel: [    0.042133] SRAT: PXM 0 -> APIC 0x4d -> Node 0
Dec 28 09:26:20 MT kernel: [    0.042133] SRAT: PXM 0 -> APIC 0x4e -> Node 0
Dec 28 09:26:20 MT kernel: [    0.042133] SRAT: PXM 0 -> APIC 0x4f -> Node 0
Dec 28 09:26:20 MT kernel: [    0.042134] SRAT: PXM 0 -> APIC 0x50 -> Node 0
Dec 28 09:26:20 MT kernel: [    0.042134] SRAT: PXM 0 -> APIC 0x51 -> Node 0
Dec 28 09:26:20 MT kernel: [    0.042134] SRAT: PXM 0 -> APIC 0x52 -> Node 0
Dec 28 09:26:20 MT kernel: [    0.042135] SRAT: PXM 0 -> APIC 0x53 -> Node 0
Dec 28 09:26:20 MT kernel: [    0.042135] SRAT: PXM 0 -> APIC 0x54 -> Node 0
Dec 28 09:26:20 MT kernel: [    0.042135] SRAT: PXM 0 -> APIC 0x55 -> Node 0
Dec 28 09:26:20 MT kernel: [    0.042135] SRAT: PXM 0 -> APIC 0x56 -> Node 0
Dec 28 09:26:20 MT kernel: [    0.042136] SRAT: PXM 0 -> APIC 0x57 -> Node 0
Dec 28 09:26:20 MT kernel: [    0.042136] SRAT: PXM 0 -> APIC 0x58 -> Node 0
Dec 28 09:26:20 MT kernel: [    0.042136] SRAT: PXM 0 -> APIC 0x59 -> Node 0
Dec 28 09:26:20 MT kernel: [    0.042137] SRAT: PXM 0 -> APIC 0x5a -> Node 0
Dec 28 09:26:20 MT kernel: [    0.042137] SRAT: PXM 0 -> APIC 0x5b -> Node 0
Dec 28 09:26:20 MT kernel: [    0.042137] SRAT: PXM 0 -> APIC 0x5c -> Node 0
Dec 28 09:26:20 MT kernel: [    0.042137] SRAT: PXM 0 -> APIC 0x5d -> Node 0
Dec 28 09:26:20 MT kernel: [    0.042138] SRAT: PXM 0 -> APIC 0x5e -> Node 0
Dec 28 09:26:20 MT kernel: [    0.042138] SRAT: PXM 0 -> APIC 0x5f -> Node 0
Dec 28 09:26:20 MT kernel: [    0.042138] SRAT: PXM 0 -> APIC 0x60 -> Node 0
Dec 28 09:26:20 MT kernel: [    0.042138] SRAT: PXM 0 -> APIC 0x61 -> Node 0
Dec 28 09:26:20 MT kernel: [    0.042139] SRAT: PXM 0 -> APIC 0x62 -> Node 0
Dec 28 09:26:20 MT kernel: [    0.042139] SRAT: PXM 0 -> APIC 0x63 -> Node 0
Dec 28 09:26:20 MT kernel: [    0.042139] SRAT: PXM 0 -> APIC 0x64 -> Node 0
Dec 28 09:26:20 MT kernel: [    0.042140] SRAT: PXM 0 -> APIC 0x65 -> Node 0
Dec 28 09:26:20 MT kernel: [    0.042140] SRAT: PXM 0 -> APIC 0x66 -> Node 0
Dec 28 09:26:20 MT kernel: [    0.042140] SRAT: PXM 0 -> APIC 0x67 -> Node 0
Dec 28 09:26:20 MT kernel: [    0.042140] SRAT: PXM 0 -> APIC 0x68 -> Node 0
Dec 28 09:26:20 MT kernel: [    0.042141] SRAT: PXM 0 -> APIC 0x69 -> Node 0
Dec 28 09:26:20 MT kernel: [    0.042141] SRAT: PXM 0 -> APIC 0x6a -> Node 0
Dec 28 09:26:20 MT kernel: [    0.042141] SRAT: PXM 0 -> APIC 0x6b -> Node 0
Dec 28 09:26:20 MT kernel: [    0.042141] SRAT: PXM 0 -> APIC 0x6c -> Node 0
Dec 28 09:26:20 MT kernel: [    0.042142] SRAT: PXM 0 -> APIC 0x6d -> Node 0
Dec 28 09:26:20 MT kernel: [    0.042142] SRAT: PXM 0 -> APIC 0x6e -> Node 0
Dec 28 09:26:20 MT kernel: [    0.042142] SRAT: PXM 0 -> APIC 0x6f -> Node 0
Dec 28 09:26:20 MT kernel: [    0.042143] SRAT: PXM 0 -> APIC 0x70 -> Node 0
Dec 28 09:26:20 MT kernel: [    0.042143] SRAT: PXM 0 -> APIC 0x71 -> Node 0
Dec 28 09:26:20 MT kernel: [    0.042143] SRAT: PXM 0 -> APIC 0x72 -> Node 0
Dec 28 09:26:20 MT kernel: [    0.042143] SRAT: PXM 0 -> APIC 0x73 -> Node 0
Dec 28 09:26:20 MT kernel: [    0.042144] SRAT: PXM 0 -> APIC 0x74 -> Node 0
Dec 28 09:26:20 MT kernel: [    0.042144] SRAT: PXM 0 -> APIC 0x75 -> Node 0
Dec 28 09:26:20 MT kernel: [    0.042144] SRAT: PXM 0 -> APIC 0x76 -> Node 0
Dec 28 09:26:20 MT kernel: [    0.042145] SRAT: PXM 0 -> APIC 0x77 -> Node 0
Dec 28 09:26:20 MT kernel: [    0.042145] SRAT: PXM 0 -> APIC 0x78 -> Node 0
Dec 28 09:26:20 MT kernel: [    0.042145] SRAT: PXM 0 -> APIC 0x79 -> Node 0
Dec 28 09:26:20 MT kernel: [    0.042145] SRAT: PXM 0 -> APIC 0x7a -> Node 0
Dec 28 09:26:20 MT kernel: [    0.042146] SRAT: PXM 0 -> APIC 0x7b -> Node 0
Dec 28 09:26:20 MT kernel: [    0.042146] SRAT: PXM 0 -> APIC 0x7c -> Node 0
Dec 28 09:26:20 MT kernel: [    0.042146] SRAT: PXM 0 -> APIC 0x7d -> Node 0
Dec 28 09:26:20 MT kernel: [    0.042147] SRAT: PXM 0 -> APIC 0x7e -> Node 0
Dec 28 09:26:20 MT kernel: [    0.042147] SRAT: PXM 0 -> APIC 0x7f -> Node 0
Dec 28 09:26:20 MT kernel: [    0.042150] ACPI: SRAT: Node 0 PXM 0 [mem 0x00000000-0x0009ffff]
Dec 28 09:26:20 MT kernel: [    0.042151] ACPI: SRAT: Node 0 PXM 0 [mem 0x00100000-0xbfffffff]
Dec 28 09:26:20 MT kernel: [    0.042151] ACPI: SRAT: Node 0 PXM 0 [mem 0x100000000-0x23fffffff]
Dec 28 09:26:20 MT kernel: [    0.042152] ACPI: SRAT: Node 0 PXM 0 [mem 0x240000000-0x203fffffff] hotplug
Dec 28 09:26:20 MT kernel: [    0.042154] NUMA: Node 0 [mem 0x00000000-0x0009ffff] + [mem 0x00100000-0xbfffffff] -> [mem 0x00000000-0xbfffffff]
Dec 28 09:26:20 MT kernel: [    0.042154] NUMA: Node 0 [mem 0x00000000-0xbfffffff] + [mem 0x100000000-0x23fffffff] -> [mem 0x00000000-0x23fffffff]
Dec 28 09:26:20 MT kernel: [    0.042159] NODE_DATA(0) allocated [mem 0x23ffd5000-0x23fffffff]
Dec 28 09:26:20 MT kernel: [    0.053458] Zone ranges:
Dec 28 09:26:20 MT kernel: [    0.053459]   DMA      [mem 0x0000000000001000-0x0000000000ffffff]
Dec 28 09:26:20 MT kernel: [    0.053460]   DMA32    [mem 0x0000000001000000-0x00000000ffffffff]
Dec 28 09:26:20 MT kernel: [    0.053461]   Normal   [mem 0x0000000100000000-0x000000023fffffff]
Dec 28 09:26:20 MT kernel: [    0.053462]   Device   empty
Dec 28 09:26:20 MT kernel: [    0.053462] Movable zone start for each node
Dec 28 09:26:20 MT kernel: [    0.053464] Early memory node ranges
Dec 28 09:26:20 MT kernel: [    0.053464]   node   0: [mem 0x0000000000001000-0x000000000009dfff]
Dec 28 09:26:20 MT kernel: [    0.053465]   node   0: [mem 0x0000000000100000-0x00000000bfedffff]
Dec 28 09:26:20 MT kernel: [    0.053465]   node   0: [mem 0x00000000bff00000-0x00000000bfffffff]
Dec 28 09:26:20 MT kernel: [    0.053466]   node   0: [mem 0x0000000100000000-0x000000023fffffff]
Dec 28 09:26:20 MT kernel: [    0.070312] Zeroed struct page in unavailable ranges: 131 pages
Dec 28 09:26:20 MT kernel: [    0.070314] Initmem setup node 0 [mem 0x0000000000001000-0x000000023fffffff]
Dec 28 09:26:20 MT kernel: [    0.070315] On node 0 totalpages: 2097021
Dec 28 09:26:20 MT kernel: [    0.070317]   DMA zone: 64 pages used for memmap
Dec 28 09:26:20 MT kernel: [    0.070317]   DMA zone: 21 pages reserved
Dec 28 09:26:20 MT kernel: [    0.070318]   DMA zone: 3997 pages, LIFO batch:0
Dec 28 09:26:20 MT kernel: [    0.072742]   DMA32 zone: 12224 pages used for memmap
Dec 28 09:26:20 MT kernel: [    0.072743]   DMA32 zone: 782304 pages, LIFO batch:63
Dec 28 09:26:20 MT kernel: [    0.479835]   Normal zone: 20480 pages used for memmap
Dec 28 09:26:20 MT kernel: [    0.479836]   Normal zone: 1310720 pages, LIFO batch:63
Dec 28 09:26:20 MT kernel: [    1.148615] ACPI: PM-Timer IO Port: 0x1008
Dec 28 09:26:20 MT kernel: [    1.148618] ACPI: Local APIC address 0xfee00000
Dec 28 09:26:20 MT kernel: [    1.148621] system APIC only can use physical flat
Dec 28 09:26:20 MT kernel: [    1.148632] ACPI: LAPIC_NMI (acpi_id[0x00] high edge lint[0x1])
Dec 28 09:26:20 MT kernel: [    1.148632] ACPI: LAPIC_NMI (acpi_id[0x01] high edge lint[0x1])
Dec 28 09:26:20 MT kernel: [    1.148633] ACPI: LAPIC_NMI (acpi_id[0x02] high edge lint[0x1])
Dec 28 09:26:20 MT kernel: [    1.148633] ACPI: LAPIC_NMI (acpi_id[0x03] high edge lint[0x1])
Dec 28 09:26:20 MT kernel: [    1.148634] ACPI: LAPIC_NMI (acpi_id[0x04] high edge lint[0x1])
Dec 28 09:26:20 MT kernel: [    1.148634] ACPI: LAPIC_NMI (acpi_id[0x05] high edge lint[0x1])
Dec 28 09:26:20 MT kernel: [    1.148635] ACPI: LAPIC_NMI (acpi_id[0x06] high edge lint[0x1])
Dec 28 09:26:20 MT kernel: [    1.148635] ACPI: LAPIC_NMI (acpi_id[0x07] high edge lint[0x1])
Dec 28 09:26:20 MT kernel: [    1.148636] ACPI: LAPIC_NMI (acpi_id[0x08] high edge lint[0x1])
Dec 28 09:26:20 MT kernel: [    1.148636] ACPI: LAPIC_NMI (acpi_id[0x09] high edge lint[0x1])
Dec 28 09:26:20 MT kernel: [    1.148637] ACPI: LAPIC_NMI (acpi_id[0x0a] high edge lint[0x1])
Dec 28 09:26:20 MT kernel: [    1.148637] ACPI: LAPIC_NMI (acpi_id[0x0b] high edge lint[0x1])
Dec 28 09:26:20 MT kernel: [    1.148637] ACPI: LAPIC_NMI (acpi_id[0x0c] high edge lint[0x1])
Dec 28 09:26:20 MT kernel: [    1.148638] ACPI: LAPIC_NMI (acpi_id[0x0d] high edge lint[0x1])
Dec 28 09:26:20 MT kernel: [    1.148638] ACPI: LAPIC_NMI (acpi_id[0x0e] high edge lint[0x1])
Dec 28 09:26:20 MT kernel: [    1.148639] ACPI: LAPIC_NMI (acpi_id[0x0f] high edge lint[0x1])
Dec 28 09:26:20 MT kernel: [    1.148639] ACPI: LAPIC_NMI (acpi_id[0x10] high edge lint[0x1])
Dec 28 09:26:20 MT kernel: [    1.148640] ACPI: LAPIC_NMI (acpi_id[0x11] high edge lint[0x1])
Dec 28 09:26:20 MT kernel: [    1.148640] ACPI: LAPIC_NMI (acpi_id[0x12] high edge lint[0x1])
Dec 28 09:26:20 MT kernel: [    1.148640] ACPI: LAPIC_NMI (acpi_id[0x13] high edge lint[0x1])
Dec 28 09:26:20 MT kernel: [    1.148641] ACPI: LAPIC_NMI (acpi_id[0x14] high edge lint[0x1])
Dec 28 09:26:20 MT kernel: [    1.148641] ACPI: LAPIC_NMI (acpi_id[0x15] high edge lint[0x1])
Dec 28 09:26:20 MT kernel: [    1.148642] ACPI: LAPIC_NMI (acpi_id[0x16] high edge lint[0x1])
Dec 28 09:26:20 MT kernel: [    1.148642] ACPI: LAPIC_NMI (acpi_id[0x17] high edge lint[0x1])
Dec 28 09:26:20 MT kernel: [    1.148642] ACPI: LAPIC_NMI (acpi_id[0x18] high edge lint[0x1])
Dec 28 09:26:20 MT kernel: [    1.148643] ACPI: LAPIC_NMI (acpi_id[0x19] high edge lint[0x1])
Dec 28 09:26:20 MT kernel: [    1.148643] ACPI: LAPIC_NMI (acpi_id[0x1a] high edge lint[0x1])
Dec 28 09:26:20 MT kernel: [    1.148643] ACPI: LAPIC_NMI (acpi_id[0x1b] high edge lint[0x1])
Dec 28 09:26:20 MT kernel: [    1.148643] ACPI: LAPIC_NMI (acpi_id[0x1c] high edge lint[0x1])
Dec 28 09:26:20 MT kernel: [    1.148644] ACPI: LAPIC_NMI (acpi_id[0x1d] high edge lint[0x1])
Dec 28 09:26:20 MT kernel: [    1.148644] ACPI: LAPIC_NMI (acpi_id[0x1e] high edge lint[0x1])
Dec 28 09:26:20 MT kernel: [    1.148644] ACPI: LAPIC_NMI (acpi_id[0x1f] high edge lint[0x1])
Dec 28 09:26:20 MT kernel: [    1.148645] ACPI: LAPIC_NMI (acpi_id[0x20] high edge lint[0x1])
Dec 28 09:26:20 MT kernel: [    1.148645] ACPI: LAPIC_NMI (acpi_id[0x21] high edge lint[0x1])
Dec 28 09:26:20 MT kernel: [    1.148645] ACPI: LAPIC_NMI (acpi_id[0x22] high edge lint[0x1])
Dec 28 09:26:20 MT kernel: [    1.148646] ACPI: LAPIC_NMI (acpi_id[0x23] high edge lint[0x1])
Dec 28 09:26:20 MT kernel: [    1.148646] ACPI: LAPIC_NMI (acpi_id[0x24] high edge lint[0x1])
Dec 28 09:26:20 MT kernel: [    1.148646] ACPI: LAPIC_NMI (acpi_id[0x25] high edge lint[0x1])
Dec 28 09:26:20 MT kernel: [    1.148647] ACPI: LAPIC_NMI (acpi_id[0x26] high edge lint[0x1])
Dec 28 09:26:20 MT kernel: [    1.148647] ACPI: LAPIC_NMI (acpi_id[0x27] high edge lint[0x1])
Dec 28 09:26:20 MT kernel: [    1.148647] ACPI: LAPIC_NMI (acpi_id[0x28] high edge lint[0x1])
Dec 28 09:26:20 MT kernel: [    1.148647] ACPI: LAPIC_NMI (acpi_id[0x29] high edge lint[0x1])
Dec 28 09:26:20 MT kernel: [    1.148648] ACPI: LAPIC_NMI (acpi_id[0x2a] high edge lint[0x1])
Dec 28 09:26:20 MT kernel: [    1.148648] ACPI: LAPIC_NMI (acpi_id[0x2b] high edge lint[0x1])
Dec 28 09:26:20 MT kernel: [    1.148648] ACPI: LAPIC_NMI (acpi_id[0x2c] high edge lint[0x1])
Dec 28 09:26:20 MT kernel: [    1.148649] ACPI: LAPIC_NMI (acpi_id[0x2d] high edge lint[0x1])
Dec 28 09:26:20 MT kernel: [    1.148649] ACPI: LAPIC_NMI (acpi_id[0x2e] high edge lint[0x1])
Dec 28 09:26:20 MT kernel: [    1.148649] ACPI: LAPIC_NMI (acpi_id[0x2f] high edge lint[0x1])
Dec 28 09:26:20 MT kernel: [    1.148650] ACPI: LAPIC_NMI (acpi_id[0x30] high edge lint[0x1])
Dec 28 09:26:20 MT kernel: [    1.148650] ACPI: LAPIC_NMI (acpi_id[0x31] high edge lint[0x1])
Dec 28 09:26:20 MT kernel: [    1.148650] ACPI: LAPIC_NMI (acpi_id[0x32] high edge lint[0x1])
Dec 28 09:26:20 MT kernel: [    1.148650] ACPI: LAPIC_NMI (acpi_id[0x33] high edge lint[0x1])
Dec 28 09:26:20 MT kernel: [    1.148651] ACPI: LAPIC_NMI (acpi_id[0x34] high edge lint[0x1])
Dec 28 09:26:20 MT kernel: [    1.148651] ACPI: LAPIC_NMI (acpi_id[0x35] high edge lint[0x1])
Dec 28 09:26:20 MT kernel: [    1.148651] ACPI: LAPIC_NMI (acpi_id[0x36] high edge lint[0x1])
Dec 28 09:26:20 MT kernel: [    1.148652] ACPI: LAPIC_NMI (acpi_id[0x37] high edge lint[0x1])
Dec 28 09:26:20 MT kernel: [    1.148652] ACPI: LAPIC_NMI (acpi_id[0x38] high edge lint[0x1])
Dec 28 09:26:20 MT kernel: [    1.148652] ACPI: LAPIC_NMI (acpi_id[0x39] high edge lint[0x1])
Dec 28 09:26:20 MT kernel: [    1.148653] ACPI: LAPIC_NMI (acpi_id[0x3a] high edge lint[0x1])
Dec 28 09:26:20 MT kernel: [    1.148653] ACPI: LAPIC_NMI (acpi_id[0x3b] high edge lint[0x1])
Dec 28 09:26:20 MT kernel: [    1.148653] ACPI: LAPIC_NMI (acpi_id[0x3c] high edge lint[0x1])
Dec 28 09:26:20 MT kernel: [    1.148653] ACPI: LAPIC_NMI (acpi_id[0x3d] high edge lint[0x1])
Dec 28 09:26:20 MT kernel: [    1.148654] ACPI: LAPIC_NMI (acpi_id[0x3e] high edge lint[0x1])
Dec 28 09:26:20 MT kernel: [    1.148654] ACPI: LAPIC_NMI (acpi_id[0x3f] high edge lint[0x1])
Dec 28 09:26:20 MT kernel: [    1.148654] ACPI: LAPIC_NMI (acpi_id[0x40] high edge lint[0x1])
Dec 28 09:26:20 MT kernel: [    1.148655] ACPI: LAPIC_NMI (acpi_id[0x41] high edge lint[0x1])
Dec 28 09:26:20 MT kernel: [    1.148655] ACPI: LAPIC_NMI (acpi_id[0x42] high edge lint[0x1])
Dec 28 09:26:20 MT kernel: [    1.148655] ACPI: LAPIC_NMI (acpi_id[0x43] high edge lint[0x1])
Dec 28 09:26:20 MT kernel: [    1.148656] ACPI: LAPIC_NMI (acpi_id[0x44] high edge lint[0x1])
Dec 28 09:26:20 MT kernel: [    1.148656] ACPI: LAPIC_NMI (acpi_id[0x45] high edge lint[0x1])
Dec 28 09:26:20 MT kernel: [    1.148656] ACPI: LAPIC_NMI (acpi_id[0x46] high edge lint[0x1])
Dec 28 09:26:20 MT kernel: [    1.148656] ACPI: LAPIC_NMI (acpi_id[0x47] high edge lint[0x1])
Dec 28 09:26:20 MT kernel: [    1.148657] ACPI: LAPIC_NMI (acpi_id[0x48] high edge lint[0x1])
Dec 28 09:26:20 MT kernel: [    1.148657] ACPI: LAPIC_NMI (acpi_id[0x49] high edge lint[0x1])
Dec 28 09:26:20 MT kernel: [    1.148657] ACPI: LAPIC_NMI (acpi_id[0x4a] high edge lint[0x1])
Dec 28 09:26:20 MT kernel: [    1.148658] ACPI: LAPIC_NMI (acpi_id[0x4b] high edge lint[0x1])
Dec 28 09:26:20 MT kernel: [    1.148658] ACPI: LAPIC_NMI (acpi_id[0x4c] high edge lint[0x1])
Dec 28 09:26:20 MT kernel: [    1.148658] ACPI: LAPIC_NMI (acpi_id[0x4d] high edge lint[0x1])
Dec 28 09:26:20 MT kernel: [    1.148659] ACPI: LAPIC_NMI (acpi_id[0x4e] high edge lint[0x1])
Dec 28 09:26:20 MT kernel: [    1.148659] ACPI: LAPIC_NMI (acpi_id[0x4f] high edge lint[0x1])
Dec 28 09:26:20 MT kernel: [    1.148659] ACPI: LAPIC_NMI (acpi_id[0x50] high edge lint[0x1])
Dec 28 09:26:20 MT kernel: [    1.148659] ACPI: LAPIC_NMI (acpi_id[0x51] high edge lint[0x1])
Dec 28 09:26:20 MT kernel: [    1.148660] ACPI: LAPIC_NMI (acpi_id[0x52] high edge lint[0x1])
Dec 28 09:26:20 MT kernel: [    1.148660] ACPI: LAPIC_NMI (acpi_id[0x53] high edge lint[0x1])
Dec 28 09:26:20 MT kernel: [    1.148660] ACPI: LAPIC_NMI (acpi_id[0x54] high edge lint[0x1])
Dec 28 09:26:20 MT kernel: [    1.148661] ACPI: LAPIC_NMI (acpi_id[0x55] high edge lint[0x1])
Dec 28 09:26:20 MT kernel: [    1.148661] ACPI: LAPIC_NMI (acpi_id[0x56] high edge lint[0x1])
Dec 28 09:26:20 MT kernel: [    1.148661] ACPI: LAPIC_NMI (acpi_id[0x57] high edge lint[0x1])
Dec 28 09:26:20 MT kernel: [    1.148662] ACPI: LAPIC_NMI (acpi_id[0x58] high edge lint[0x1])
Dec 28 09:26:20 MT kernel: [    1.148662] ACPI: LAPIC_NMI (acpi_id[0x59] high edge lint[0x1])
Dec 28 09:26:20 MT kernel: [    1.148662] ACPI: LAPIC_NMI (acpi_id[0x5a] high edge lint[0x1])
Dec 28 09:26:20 MT kernel: [    1.148662] ACPI: LAPIC_NMI (acpi_id[0x5b] high edge lint[0x1])
Dec 28 09:26:20 MT kernel: [    1.148663] ACPI: LAPIC_NMI (acpi_id[0x5c] high edge lint[0x1])
Dec 28 09:26:20 MT kernel: [    1.148663] ACPI: LAPIC_NMI (acpi_id[0x5d] high edge lint[0x1])
Dec 28 09:26:20 MT kernel: [    1.148663] ACPI: LAPIC_NMI (acpi_id[0x5e] high edge lint[0x1])
Dec 28 09:26:20 MT kernel: [    1.148664] ACPI: LAPIC_NMI (acpi_id[0x5f] high edge lint[0x1])
Dec 28 09:26:20 MT kernel: [    1.148664] ACPI: LAPIC_NMI (acpi_id[0x60] high edge lint[0x1])
Dec 28 09:26:20 MT kernel: [    1.148664] ACPI: LAPIC_NMI (acpi_id[0x61] high edge lint[0x1])
Dec 28 09:26:20 MT systemd[1]: Listening on UUID daemon activation socket.
Dec 28 09:26:20 MT systemd[1]: Listening on Socket activation for snappy daemon.
Dec 28 09:26:20 MT systemd[1]: Reached target Sockets.
Dec 28 09:26:20 MT systemd[1]: Reached target Basic System.
Dec 28 09:26:20 MT systemd[1]: Starting Accounts Service...
Dec 28 09:26:20 MT systemd[1]: Started ACPI event daemon.
Dec 28 09:26:20 MT systemd[1]: Started Run anacron jobs.
Dec 28 09:26:20 MT systemd[1]: Starting LSB: automatic crash report generation...
Dec 28 09:26:20 MT systemd[1]: Starting Avahi mDNS/DNS-SD Stack...
Dec 28 09:26:20 MT systemd[1]: Starting Bluetooth service...
Dec 28 09:26:20 MT systemd[1]: Started Regular background program processing daemon.
Dec 28 09:26:20 MT systemd[1]: Started CUPS Scheduler.
Dec 28 09:26:20 MT systemd[1]: Started D-Bus System Message Bus.
Dec 28 09:26:20 MT systemd[1]: Starting Network Manager...
Dec 28 09:26:20 MT systemd[1]: Started Save initial kernel messages after boot.
Dec 28 09:26:20 MT systemd[1]: Starting Remove Stale Online ext4 Metadata Check Snapshots...
Dec 28 09:26:20 MT systemd[1]: Condition check resulted in getty on tty2-tty6 if dbus and logind are not available being skipped.
Dec 28 09:26:20 MT systemd[1]: Reached target Login Prompts.
Dec 28 09:26:20 MT systemd[1]: Starting Detect the available GPUs and deal with any system changes...
Dec 28 09:26:20 MT systemd[1]: Starting LSB: Record successful boot for GRUB...
Dec 28 09:26:20 MT systemd[1]: Starting GRUB failed boot detection...
Dec 28 09:26:20 MT systemd[1]: Started irqbalance daemon.
Dec 28 09:26:20 MT systemd[1]: Starting Dispatcher daemon for systemd-networkd...
Dec 28 09:26:20 MT cron[619]: (CRON) INFO (pidfile fd = 3)
Dec 28 09:26:20 MT VGAuthService[603]: Pref_Init: Using '/etc/vmware-tools/vgauth.conf' as preferences filepath
Dec 28 09:26:20 MT acpid: starting up with netlink and the input layer
Dec 28 09:26:20 MT anacron[615]: Anacron 2.3 started on 2020-12-28
Dec 28 09:26:20 MT VGAuthService[603]: Core dump limit set to -1
Dec 28 09:26:20 MT VGAuthService[603]: Cannot load message catalog for domain 'VGAuthService', language 'zh', catalog dir '/etc/vmware-tools'.
Dec 28 09:26:20 MT VGAuthService[603]: INIT SERVICE
Dec 28 09:26:20 MT acpid: 8 rules loaded
Dec 28 09:26:20 MT acpid: waiting for events: event logging is off
Dec 28 09:26:20 MT systemd[1]: Condition check resulted in Set the CPU Frequency Scaling governor being skipped.
Dec 28 09:26:20 MT avahi-daemon[617]: Found user 'avahi' (UID 115) and group 'avahi' (GID 121).
Dec 28 09:26:20 MT systemd[1]: Starting Authorization Manager...
Dec 28 09:26:20 MT systemd[1]: Starting Restore /etc/resolv.conf if the system crashed before the ppp link was shut down...
Dec 28 09:26:20 MT systemd[1]: Starting System Logging Service...
Dec 28 09:26:20 MT systemd[1]: Condition check resulted in Secure Boot updates for DB and DBX being skipped.
Dec 28 09:26:20 MT systemd[1]: Condition check resulted in Automatically repair incorrect owner/permissions on core devices being skipped.
Dec 28 09:26:20 MT systemd[1]: Condition check resulted in Wait for the Ubuntu Core chooser trigger being skipped.
Dec 28 09:26:20 MT systemd[1]: Starting Snap Daemon...
Dec 28 09:26:20 MT systemd[1]: Starting Switcheroo Control Proxy service...
Dec 28 09:26:20 MT bluetoothd[618]: Bluetooth daemon 5.53
Dec 28 09:26:20 MT anacron[615]: Will run job `cron.daily' in 5 min.
Dec 28 09:26:20 MT anacron[615]: Will run job `cron.weekly' in 10 min.
Dec 28 09:26:20 MT anacron[615]: Will run job `cron.monthly' in 15 min.
Dec 28 09:26:20 MT anacron[615]: Jobs will be executed sequentially
Dec 28 09:26:20 MT systemd[1]: Starting Login Service...
Dec 28 09:26:20 MT cron[619]: (CRON) INFO (Running @reboot jobs)
Dec 28 09:26:20 MT systemd[1]: Starting Thermal Daemon Service...
Dec 28 09:26:20 MT systemd[1]: Starting Disk Manager...
Dec 28 09:26:20 MT systemd[1]: Starting WPA supplicant...
Dec 28 09:26:20 MT systemd[1]: pppd-dns.service: Succeeded.
Dec 28 09:26:20 MT systemd[1]: Finished Restore /etc/resolv.conf if the system crashed before the ppp link was shut down.
Dec 28 09:26:20 MT systemd[1]: grub-initrd-fallback.service: Succeeded.
Dec 28 09:26:20 MT systemd[1]: Finished GRUB failed boot detection.
Dec 28 09:26:20 MT avahi-daemon[617]: Successfully dropped root privileges.
Dec 28 09:26:20 MT avahi-daemon[617]: avahi-daemon 0.7 starting up.
Dec 28 09:26:20 MT systemd[1]: e2scrub_reap.service: Succeeded.
Dec 28 09:26:20 MT systemd[1]: Finished Remove Stale Online ext4 Metadata Check Snapshots.
Dec 28 09:26:20 MT grub-common[630]:  * Recording successful boot for GRUB
Dec 28 09:26:20 MT grub-common[630]:    ...done.
Dec 28 09:26:20 MT systemd[1]: Started LSB: Record successful boot for GRUB.
Dec 28 09:26:20 MT apport[616]:  * Starting automatic crash report generation: apport
Dec 28 09:26:20 MT systemd[1]: Started System Logging Service.
Dec 28 09:26:20 MT apport[616]:    ...done.
Dec 28 09:26:20 MT systemd[1]: Started LSB: automatic crash report generation.
Dec 28 09:26:20 MT rsyslogd: imuxsock: Acquired UNIX socket '/run/systemd/journal/syslog' (fd 3) from systemd.  [v8.2001.0]
Dec 28 09:26:20 MT rsyslogd: rsyslogd's groupid changed to 110
Dec 28 09:26:20 MT udisksd[661]: udisks daemon version 2.8.4 starting
Dec 28 09:26:20 MT rsyslogd: rsyslogd's userid changed to 104
Dec 28 09:26:20 MT rsyslogd: [origin software="rsyslogd" swVersion="8.2001.0" x-pid="653" x-info="https://www.rsyslog.com"] start
Dec 28 09:26:20 MT kernel: [    1.148665] ACPI: LAPIC_NMI (acpi_id[0x62] high edge lint[0x1])
Dec 28 09:26:20 MT kernel: [    1.148665] ACPI: LAPIC_NMI (acpi_id[0x63] high edge lint[0x1])
Dec 28 09:26:20 MT kernel: [    1.148665] ACPI: LAPIC_NMI (acpi_id[0x64] high edge lint[0x1])
Dec 28 09:26:20 MT kernel: [    1.148665] ACPI: LAPIC_NMI (acpi_id[0x65] high edge lint[0x1])
Dec 28 09:26:20 MT kernel: [    1.148666] ACPI: LAPIC_NMI (acpi_id[0x66] high edge lint[0x1])
Dec 28 09:26:20 MT kernel: [    1.148666] ACPI: LAPIC_NMI (acpi_id[0x67] high edge lint[0x1])
Dec 28 09:26:20 MT kernel: [    1.148666] ACPI: LAPIC_NMI (acpi_id[0x68] high edge lint[0x1])
Dec 28 09:26:20 MT kernel: [    1.148667] ACPI: LAPIC_NMI (acpi_id[0x69] high edge lint[0x1])
Dec 28 09:26:20 MT kernel: [    1.148667] ACPI: LAPIC_NMI (acpi_id[0x6a] high edge lint[0x1])
Dec 28 09:26:20 MT kernel: [    1.148667] ACPI: LAPIC_NMI (acpi_id[0x6b] high edge lint[0x1])
Dec 28 09:26:20 MT kernel: [    1.148668] ACPI: LAPIC_NMI (acpi_id[0x6c] high edge lint[0x1])
Dec 28 09:26:20 MT kernel: [    1.148668] ACPI: LAPIC_NMI (acpi_id[0x6d] high edge lint[0x1])
Dec 28 09:26:20 MT kernel: [    1.148668] ACPI: LAPIC_NMI (acpi_id[0x6e] high edge lint[0x1])
Dec 28 09:26:20 MT kernel: [    1.148668] ACPI: LAPIC_NMI (acpi_id[0x6f] high edge lint[0x1])
Dec 28 09:26:20 MT kernel: [    1.148669] ACPI: LAPIC_NMI (acpi_id[0x70] high edge lint[0x1])
Dec 28 09:26:20 MT kernel: [    1.148669] ACPI: LAPIC_NMI (acpi_id[0x71] high edge lint[0x1])
Dec 28 09:26:20 MT kernel: [    1.148669] ACPI: LAPIC_NMI (acpi_id[0x72] high edge lint[0x1])
Dec 28 09:26:20 MT kernel: [    1.148670] ACPI: LAPIC_NMI (acpi_id[0x73] high edge lint[0x1])
Dec 28 09:26:20 MT kernel: [    1.148670] ACPI: LAPIC_NMI (acpi_id[0x74] high edge lint[0x1])
Dec 28 09:26:20 MT kernel: [    1.148670] ACPI: LAPIC_NMI (acpi_id[0x75] high edge lint[0x1])
Dec 28 09:26:20 MT kernel: [    1.148671] ACPI: LAPIC_NMI (acpi_id[0x76] high edge lint[0x1])
Dec 28 09:26:20 MT kernel: [    1.148671] ACPI: LAPIC_NMI (acpi_id[0x77] high edge lint[0x1])
Dec 28 09:26:20 MT kernel: [    1.148671] ACPI: LAPIC_NMI (acpi_id[0x78] high edge lint[0x1])
Dec 28 09:26:20 MT kernel: [    1.148671] ACPI: LAPIC_NMI (acpi_id[0x79] high edge lint[0x1])
Dec 28 09:26:20 MT kernel: [    1.148672] ACPI: LAPIC_NMI (acpi_id[0x7a] high edge lint[0x1])
Dec 28 09:26:20 MT kernel: [    1.148672] ACPI: LAPIC_NMI (acpi_id[0x7b] high edge lint[0x1])
Dec 28 09:26:20 MT kernel: [    1.148672] ACPI: LAPIC_NMI (acpi_id[0x7c] high edge lint[0x1])
Dec 28 09:26:20 MT kernel: [    1.148673] ACPI: LAPIC_NMI (acpi_id[0x7d] high edge lint[0x1])
Dec 28 09:26:20 MT kernel: [    1.148673] ACPI: LAPIC_NMI (acpi_id[0x7e] high edge lint[0x1])
Dec 28 09:26:20 MT kernel: [    1.148673] ACPI: LAPIC_NMI (acpi_id[0x7f] high edge lint[0x1])
Dec 28 09:26:20 MT kernel: [    1.148799] IOAPIC[0]: apic_id 128, version 32, address 0xfec00000, GSI 0-23
Dec 28 09:26:20 MT kernel: [    1.148804] ACPI: INT_SRC_OVR (bus 0 bus_irq 0 global_irq 2 high edge)
Dec 28 09:26:20 MT kernel: [    1.148806] ACPI: IRQ0 used by override.
Dec 28 09:26:20 MT kernel: [    1.148806] ACPI: IRQ9 used by override.
Dec 28 09:26:20 MT kernel: [    1.148809] Using ACPI (MADT) for SMP configuration information
Dec 28 09:26:20 MT kernel: [    1.148810] ACPI: HPET id: 0x8086af01 base: 0xfed00000
Dec 28 09:26:20 MT kernel: [    1.148813] TSC deadline timer available
Dec 28 09:26:20 MT kernel: [    1.148843] smpboot: Allowing 128 CPUs, 124 hotplug CPUs
Dec 28 09:26:20 MT kernel: [    1.148872] PM: Registered nosave memory: [mem 0x00000000-0x00000fff]
Dec 28 09:26:20 MT kernel: [    1.148873] PM: Registered nosave memory: [mem 0x0009e000-0x0009efff]
Dec 28 09:26:20 MT kernel: [    1.148874] PM: Registered nosave memory: [mem 0x0009f000-0x0009ffff]
Dec 28 09:26:20 MT kernel: [    1.148874] PM: Registered nosave memory: [mem 0x000a0000-0x000dbfff]
Dec 28 09:26:20 MT kernel: [    1.148875] PM: Registered nosave memory: [mem 0x000dc000-0x000fffff]
Dec 28 09:26:20 MT kernel: [    1.148876] PM: Registered nosave memory: [mem 0xbfee0000-0xbfefefff]
Dec 28 09:26:20 MT kernel: [    1.148876] PM: Registered nosave memory: [mem 0xbfeff000-0xbfefffff]
Dec 28 09:26:20 MT kernel: [    1.148877] PM: Registered nosave memory: [mem 0xc0000000-0xefffffff]
Dec 28 09:26:20 MT kernel: [    1.148877] PM: Registered nosave memory: [mem 0xf0000000-0xf7ffffff]
Dec 28 09:26:20 MT kernel: [    1.148878] PM: Registered nosave memory: [mem 0xf8000000-0xfebfffff]
Dec 28 09:26:20 MT kernel: [    1.148878] PM: Registered nosave memory: [mem 0xfec00000-0xfec0ffff]
Dec 28 09:26:20 MT kernel: [    1.148878] PM: Registered nosave memory: [mem 0xfec10000-0xfedfffff]
Dec 28 09:26:20 MT kernel: [    1.148879] PM: Registered nosave memory: [mem 0xfee00000-0xfee00fff]
Dec 28 09:26:20 MT kernel: [    1.148879] PM: Registered nosave memory: [mem 0xfee01000-0xfffdffff]
Dec 28 09:26:20 MT kernel: [    1.148880] PM: Registered nosave memory: [mem 0xfffe0000-0xffffffff]
Dec 28 09:26:20 MT kernel: [    1.148884] [mem 0xc0000000-0xefffffff] available for PCI devices
Dec 28 09:26:20 MT kernel: [    1.148886] Booting paravirtualized kernel on VMware hypervisor
Dec 28 09:26:20 MT kernel: [    1.148893] clocksource: refined-jiffies: mask: 0xffffffff max_cycles: 0xffffffff, max_idle_ns: 7645519600211568 ns
Dec 28 09:26:20 MT kernel: [    1.148897] setup_percpu: NR_CPUS:8192 nr_cpumask_bits:128 nr_cpu_ids:128 nr_node_ids:1
Dec 28 09:26:20 MT kernel: [    1.444368] percpu: Embedded 54 pages/cpu s184320 r8192 d28672 u262144
Dec 28 09:26:20 MT kernel: [    1.444381] pcpu-alloc: s184320 r8192 d28672 u262144 alloc=1*2097152
Dec 28 09:26:20 MT kernel: [    1.444382] pcpu-alloc: [0] 000 001 002 003 004 005 006 007 
Dec 28 09:26:20 MT kernel: [    1.444384] pcpu-alloc: [0] 008 009 010 011 012 013 014 015 
Dec 28 09:26:20 MT kernel: [    1.444385] pcpu-alloc: [0] 016 017 018 019 020 021 022 023 
Dec 28 09:26:20 MT kernel: [    1.444386] pcpu-alloc: [0] 024 025 026 027 028 029 030 031 
Dec 28 09:26:20 MT kernel: [    1.444387] pcpu-alloc: [0] 032 033 034 035 036 037 038 039 
Dec 28 09:26:20 MT kernel: [    1.444388] pcpu-alloc: [0] 040 041 042 043 044 045 046 047 
Dec 28 09:26:20 MT kernel: [    1.444389] pcpu-alloc: [0] 048 049 050 051 052 053 054 055 
Dec 28 09:26:20 MT kernel: [    1.444390] pcpu-alloc: [0] 056 057 058 059 060 061 062 063 
Dec 28 09:26:20 MT kernel: [    1.444391] pcpu-alloc: [0] 064 065 066 067 068 069 070 071 
Dec 28 09:26:20 MT kernel: [    1.444392] pcpu-alloc: [0] 072 073 074 075 076 077 078 079 
Dec 28 09:26:20 MT kernel: [    1.444393] pcpu-alloc: [0] 080 081 082 083 084 085 086 087 
Dec 28 09:26:20 MT kernel: [    1.444394] pcpu-alloc: [0] 088 089 090 091 092 093 094 095 
Dec 28 09:26:20 MT kernel: [    1.444395] pcpu-alloc: [0] 096 097 098 099 100 101 102 103 
Dec 28 09:26:20 MT kernel: [    1.444396] pcpu-alloc: [0] 104 105 106 107 108 109 110 111 
Dec 28 09:26:20 MT kernel: [    1.444397] pcpu-alloc: [0] 112 113 114 115 116 117 118 119 
Dec 28 09:26:20 MT kernel: [    1.444398] pcpu-alloc: [0] 120 121 122 123 124 125 126 127 
Dec 28 09:26:20 MT kernel: [    1.444466] Built 1 zonelists, mobility grouping on.  Total pages: 2064232
Dec 28 09:26:20 MT kernel: [    1.444467] Policy zone: Normal
Dec 28 09:26:20 MT kernel: [    1.444470] Kernel command line: BOOT_IMAGE=/boot/vmlinuz-5.4.0-58-generic root=UUID=21030161-fab0-4eb8-8162-741b4077836c ro quiet splash
Dec 28 09:26:20 MT kernel: [    1.444536] printk: log_buf_len individual max cpu contribution: 4096 bytes
Dec 28 09:26:20 MT kernel: [    1.444536] printk: log_buf_len total cpu_extra contributions: 520192 bytes
Dec 28 09:26:20 MT kernel: [    1.444537] printk: log_buf_len min size: 262144 bytes
Dec 28 09:26:20 MT kernel: [    1.459651] printk: log_buf_len: 1048576 bytes
Dec 28 09:26:20 MT kernel: [    1.459653] printk: early log buf free: 224560(85%)
Dec 28 09:26:20 MT kernel: [    1.482449] Dentry cache hash table entries: 1048576 (order: 11, 8388608 bytes, linear)
Dec 28 09:26:20 MT kernel: [    1.493920] Inode-cache hash table entries: 524288 (order: 10, 4194304 bytes, linear)
Dec 28 09:26:20 MT kernel: [    1.533817] mem auto-init: stack:off, heap alloc:on, heap free:off
Dec 28 09:26:20 MT kernel: [    1.649063] Calgary: detecting Calgary via BIOS EBDA area
Dec 28 09:26:20 MT kernel: [    1.649066] Calgary: Unable to locate Rio Grande table in EBDA - bailing!
Dec 28 09:26:20 MT kernel: [    1.670946] Memory: 8068532K/8388084K available (14339K kernel code, 2426K rwdata, 4932K rodata, 2720K init, 4956K bss, 319552K reserved, 0K cma-reserved)
Dec 28 09:26:20 MT kernel: [    1.670953] random: get_random_u64 called from kmem_cache_open+0x2d/0x410 with crng_init=0
Dec 28 09:26:20 MT kernel: [    1.674574] SLUB: HWalign=64, Order=0-3, MinObjects=0, CPUs=128, Nodes=1
Dec 28 09:26:20 MT kernel: [    1.676130] Kernel/User page tables isolation: enabled
Dec 28 09:26:20 MT kernel: [    1.676838] ftrace: allocating 44541 entries in 174 pages
Dec 28 09:26:20 MT kernel: [    1.697157] rcu: Hierarchical RCU implementation.
Dec 28 09:26:20 MT kernel: [    1.697158] rcu: 	RCU restricting CPUs from NR_CPUS=8192 to nr_cpu_ids=128.
Dec 28 09:26:20 MT kernel: [    1.697159] 	Tasks RCU enabled.
Dec 28 09:26:20 MT kernel: [    1.697160] rcu: RCU calculated value of scheduler-enlistment delay is 25 jiffies.
Dec 28 09:26:20 MT kernel: [    1.697160] rcu: Adjusting geometry for rcu_fanout_leaf=16, nr_cpu_ids=128
Dec 28 09:26:20 MT kernel: [    1.700740] NR_IRQS: 524544, nr_irqs: 1448, preallocated irqs: 16
Dec 28 09:26:20 MT kernel: [    1.701330] random: crng done (trusting CPU's manufacturer)
Dec 28 09:26:20 MT kernel: [    1.723204] Console: colour VGA+ 80x25
Dec 28 09:26:20 MT kernel: [    1.723211] printk: console [tty0] enabled
Dec 28 09:26:20 MT kernel: [    1.723579] ACPI: Core revision 20190816
Dec 28 09:26:20 MT kernel: [    1.731658] clocksource: hpet: mask: 0xffffffff max_cycles: 0xffffffff, max_idle_ns: 133484882848 ns
Dec 28 09:26:20 MT kernel: [    1.733472] APIC: Switch to symmetric I/O mode setup
Dec 28 09:26:20 MT kernel: [    1.734115] x2apic enabled
Dec 28 09:26:20 MT kernel: [    1.734540] Switched APIC routing to physical x2apic.
Dec 28 09:26:20 MT kernel: [    1.737122] ..TIMER: vector=0x30 apic1=0 pin1=2 apic2=-1 pin2=-1
Dec 28 09:26:20 MT kernel: [    1.737195] clocksource: tsc-early: mask: 0xffffffffffffffff max_cycles: 0x3c8a606e244, max_idle_ns: 440795282550 ns
Dec 28 09:26:20 MT kernel: [    1.737213] Calibrating delay loop (skipped) preset value.. 8399.99 BogoMIPS (lpj=16799997)
Dec 28 09:26:20 MT kernel: [    1.737222] pid_max: default: 131072 minimum: 1024
Dec 28 09:26:20 MT kernel: [    1.737323] LSM: Security Framework initializing
Dec 28 09:26:20 MT kernel: [    1.737360] Yama: becoming mindful.
Dec 28 09:26:20 MT kernel: [    1.754920] AppArmor: AppArmor initialized
Dec 28 09:26:20 MT kernel: [    1.755346] Mount-cache hash table entries: 16384 (order: 5, 131072 bytes, linear)
Dec 28 09:26:20 MT kernel: [    1.761203] Mountpoint-cache hash table entries: 16384 (order: 5, 131072 bytes, linear)
Dec 28 09:26:20 MT kernel: [    1.761203] *** VALIDATE tmpfs ***
Dec 28 09:26:20 MT kernel: [    1.765815] *** VALIDATE proc ***
Dec 28 09:26:20 MT kernel: [    1.765911] *** VALIDATE cgroup1 ***
Dec 28 09:26:20 MT kernel: [    1.765920] *** VALIDATE cgroup2 ***
Dec 28 09:26:20 MT kernel: [    1.766279] Disabled fast string operations
Dec 28 09:26:20 MT kernel: [    1.766325] Last level iTLB entries: 4KB 64, 2MB 8, 4MB 8
Dec 28 09:26:20 MT kernel: [    1.766366] Last level dTLB entries: 4KB 64, 2MB 0, 4MB 0, 1GB 4
Dec 28 09:26:20 MT kernel: [    1.766402] Spectre V1 : Mitigation: usercopy/swapgs barriers and __user pointer sanitization
Dec 28 09:26:20 MT kernel: [    1.766433] Spectre V2 : Mitigation: Full generic retpoline
Dec 28 09:26:20 MT kernel: [    1.766460] Spectre V2 : Spectre v2 / SpectreRSB mitigation: Filling RSB on context switch
Dec 28 09:26:20 MT kernel: [    1.766484] Spectre V2 : Enabling Restricted Speculation for firmware calls
Dec 28 09:26:20 MT kernel: [    1.766505] Spectre V2 : mitigation: Enabling conditional Indirect Branch Prediction Barrier
Dec 28 09:26:20 MT kernel: [    1.766523] Speculative Store Bypass: Mitigation: Speculative Store Bypass disabled via prctl and seccomp
Dec 28 09:26:20 MT kernel: [    1.766539] SRBDS: Unknown: Dependent on hypervisor status
Dec 28 09:26:20 MT kernel: [    1.766553] MDS: Vulnerable: Clear CPU buffers attempted, no microcode
Dec 28 09:26:20 MT kernel: [    1.766566] Freeing SMP alternatives memory: 40K
Dec 28 09:26:20 MT kernel: [    1.773203] smpboot: CPU0: Intel(R) Core(TM) i7-7700K CPU @ 4.20GHz (family: 0x6, model: 0x9e, stepping: 0x9)
Dec 28 09:26:20 MT kernel: [    1.773203] Performance Events: Skylake events, core PMU driver.
Dec 28 09:26:20 MT kernel: [    1.773203] core: CPUID marked event: 'cpu cycles' unavailable
Dec 28 09:26:20 MT kernel: [    1.773203] core: CPUID marked event: 'instructions' unavailable
Dec 28 09:26:20 MT kernel: [    1.773203] core: CPUID marked event: 'bus cycles' unavailable
Dec 28 09:26:20 MT kernel: [    1.773203] core: CPUID marked event: 'cache references' unavailable
Dec 28 09:26:20 MT kernel: [    1.773203] core: CPUID marked event: 'cache misses' unavailable
Dec 28 09:26:20 MT kernel: [    1.773203] core: CPUID marked event: 'branch instructions' unavailable
Dec 28 09:26:20 MT kernel: [    1.773203] core: CPUID marked event: 'branch misses' unavailable
Dec 28 09:26:20 MT kernel: [    1.773203] ... version:                1
Dec 28 09:26:20 MT kernel: [    1.773203] ... bit width:              48
Dec 28 09:26:20 MT kernel: [    1.773203] ... generic registers:      4
Dec 28 09:26:20 MT kernel: [    1.773203] ... value mask:             0000ffffffffffff
Dec 28 09:26:20 MT kernel: [    1.773203] ... max period:             000000007fffffff
Dec 28 09:26:20 MT kernel: [    1.773203] ... fixed-purpose events:   0
Dec 28 09:26:20 MT kernel: [    1.773203] ... event mask:             000000000000000f
Dec 28 09:26:20 MT kernel: [    1.773203] rcu: Hierarchical SRCU implementation.
Dec 28 09:26:20 MT kernel: [    1.773521] NMI watchdog: Perf NMI watchdog permanently disabled
Dec 28 09:26:20 MT kernel: [    1.801203] smp: Bringing up secondary CPUs ...
Dec 28 09:26:20 MT kernel: [    1.801203] x86: Booting SMP configuration:
Dec 28 09:26:20 MT kernel: [    1.801203] .... node  #0, CPUs:          #1
Dec 28 09:26:20 MT kernel: [    0.039916] Disabled fast string operations
Dec 28 09:26:20 MT kernel: [    1.806396]    #2
Dec 28 09:26:20 MT kernel: [    0.039916] Disabled fast string operations
Dec 28 09:26:20 MT kernel: [    0.039916] smpboot: CPU 2 Converting physical 0 to logical die 1
Dec 28 09:26:20 MT kernel: [    1.810841]    #3
Dec 28 09:26:20 MT kernel: [    0.039916] Disabled fast string operations
Dec 28 09:26:20 MT kernel: [    1.812622] smp: Brought up 1 node, 4 CPUs
Dec 28 09:26:20 MT kernel: [    1.812622] smpboot: Max logical packages: 64
Dec 28 09:26:20 MT kernel: [    1.812622] smpboot: Total of 4 processors activated (33599.99 BogoMIPS)
Dec 28 09:26:20 MT kernel: [    1.814550] devtmpfs: initialized
Dec 28 09:26:20 MT kernel: [    1.814550] x86/mm: Memory block size: 128MB
Dec 28 09:26:20 MT kernel: [    1.817240] PM: Registering ACPI NVS region [mem 0xbfeff000-0xbfefffff] (4096 bytes)
Dec 28 09:26:20 MT kernel: [    1.818449] clocksource: jiffies: mask: 0xffffffff max_cycles: 0xffffffff, max_idle_ns: 7645041785100000 ns
Dec 28 09:26:20 MT kernel: [    1.823189] futex hash table entries: 32768 (order: 9, 2097152 bytes, linear)
Dec 28 09:26:20 MT kernel: [    1.823634] pinctrl core: initialized pinctrl subsystem
Dec 28 09:26:20 MT kernel: [    1.823883] PM: RTC time: 01:25:55, date: 2020-12-28
Dec 28 09:26:20 MT kernel: [    1.825826] NET: Registered protocol family 16
Dec 28 09:26:20 MT kernel: [    1.826260] audit: initializing netlink subsys (disabled)
Dec 28 09:26:20 MT kernel: [    1.826286] audit: type=2000 audit(1609118755.088:1): state=initialized audit_enabled=0 res=1
Dec 28 09:26:20 MT kernel: [    1.829352] EISA bus registered
Dec 28 09:26:20 MT kernel: [    1.829380] cpuidle: using governor ladder
Dec 28 09:26:20 MT kernel: [    1.829380] cpuidle: using governor menu
Dec 28 09:26:20 MT kernel: [    1.829380] Simple Boot Flag at 0x36 set to 0x80
Dec 28 09:26:20 MT kernel: [    1.829380] ACPI: bus type PCI registered
Dec 28 09:26:20 MT kernel: [    1.829380] acpiphp: ACPI Hot Plug PCI Controller Driver version: 0.5
Dec 28 09:26:20 MT kernel: [    1.830178] PCI: MMCONFIG for domain 0000 [bus 00-7f] at [mem 0xf0000000-0xf7ffffff] (base 0xf0000000)
Dec 28 09:26:20 MT kernel: [    1.830180] PCI: MMCONFIG at [mem 0xf0000000-0xf7ffffff] reserved in E820
Dec 28 09:26:20 MT kernel: [    1.830185] pmd_set_huge: Cannot satisfy [mem 0xf0000000-0xf0200000] with a huge-page mapping due to MTRR override.
Dec 28 09:26:20 MT kernel: [    1.832213] PCI: Using configuration type 1 for base access
Dec 28 09:26:20 MT kernel: [    1.837411] HugeTLB registered 1.00 GiB page size, pre-allocated 0 pages
Dec 28 09:26:20 MT kernel: [    1.837411] HugeTLB registered 2.00 MiB page size, pre-allocated 0 pages
Dec 28 09:26:20 MT kernel: [    1.857756] ACPI: Added _OSI(Module Device)
Dec 28 09:26:20 MT kernel: [    1.857756] ACPI: Added _OSI(Processor Device)
Dec 28 09:26:20 MT kernel: [    1.857756] ACPI: Added _OSI(3.0 _SCP Extensions)
Dec 28 09:26:20 MT kernel: [    1.857756] ACPI: Added _OSI(Processor Aggregator Device)
Dec 28 09:26:20 MT kernel: [    1.857756] ACPI: Added _OSI(Linux-Dell-Video)
Dec 28 09:26:20 MT kernel: [    1.857756] ACPI: Added _OSI(Linux-Lenovo-NV-HDMI-Audio)
Dec 28 09:26:20 MT kernel: [    1.857756] ACPI: Added _OSI(Linux-HPI-Hybrid-Graphics)
Dec 28 09:26:20 MT kernel: [    1.869219] ACPI: 1 ACPI AML tables successfully acquired and loaded
Dec 28 09:26:20 MT kernel: [    1.870888] ACPI: [Firmware Bug]: BIOS _OSI(Linux) query ignored
Dec 28 09:26:20 MT kernel: [    1.889203] ACPI: Interpreter enabled
Dec 28 09:26:20 MT kernel: [    1.889203] ACPI: (supports S0 S1 S4 S5)
Dec 28 09:26:20 MT kernel: [    1.889203] ACPI: Using IOAPIC for interrupt routing
Dec 28 09:26:20 MT kernel: [    1.889203] PCI: Using host bridge windows from ACPI; if necessary, use "pci=nocrs" and report a bug
Dec 28 09:26:20 MT kernel: [    1.889203] ACPI: Enabled 4 GPEs in block 00 to 0F
Dec 28 09:26:20 MT kernel: [    2.011996] ACPI: PCI Root Bridge [PCI0] (domain 0000 [bus 00-7f])
Dec 28 09:26:20 MT kernel: [    2.012001] acpi PNP0A03:00: _OSC: OS supports [ExtendedConfig ASPM ClockPM Segments MSI HPX-Type3]
Dec 28 09:26:20 MT kernel: [    2.012219] acpi PNP0A03:00: _OSC: platform does not support [AER LTR]
Dec 28 09:26:20 MT kernel: [    2.012433] acpi PNP0A03:00: _OSC: OS now controls [PCIeHotplug SHPCHotplug PME PCIeCapability]
Dec 28 09:26:20 MT kernel: [    2.014135] PCI host bridge to bus 0000:00
Dec 28 09:26:20 MT kernel: [    2.014137] pci_bus 0000:00: root bus resource [mem 0x000a0000-0x000bffff window]
Dec 28 09:26:20 MT kernel: [    2.014138] pci_bus 0000:00: root bus resource [mem 0x000d0000-0x000d3fff window]
Dec 28 09:26:20 MT kernel: [    2.014139] pci_bus 0000:00: root bus resource [mem 0x000d4000-0x000d7fff window]
Dec 28 09:26:20 MT kernel: [    2.014139] pci_bus 0000:00: root bus resource [mem 0x000d8000-0x000dbfff window]
Dec 28 09:26:20 MT kernel: [    2.014140] pci_bus 0000:00: root bus resource [mem 0xc0000000-0xfebfffff window]
Dec 28 09:26:20 MT kernel: [    2.014140] pci_bus 0000:00: root bus resource [io  0x0000-0x0cf7 window]
Dec 28 09:26:20 MT kernel: [    2.014141] pci_bus 0000:00: root bus resource [io  0x0d00-0xfeff window]
Dec 28 09:26:20 MT kernel: [    2.014141] pci_bus 0000:00: root bus resource [bus 00-7f]
Dec 28 09:26:20 MT kernel: [    2.014215] pci 0000:00:00.0: [8086:7190] type 00 class 0x060000
Dec 28 09:26:20 MT kernel: [    2.017203] pci 0000:00:01.0: [8086:7191] type 01 class 0x060400
Dec 28 09:26:20 MT kernel: [    2.026798] pci 0000:00:07.0: [8086:7110] type 00 class 0x060100
Dec 28 09:26:20 MT kernel: [    2.028276] pci 0000:00:07.1: [8086:7111] type 00 class 0x01018a
Dec 28 09:26:20 MT kernel: [    2.029203] pci 0000:00:07.1: reg 0x20: [io  0x1060-0x106f]
Dec 28 09:26:20 MT kernel: [    2.029539] pci 0000:00:07.1: legacy IDE quirk: reg 0x10: [io  0x01f0-0x01f7]
Dec 28 09:26:20 MT kernel: [    2.029539] pci 0000:00:07.1: legacy IDE quirk: reg 0x14: [io  0x03f6]
Dec 28 09:26:20 MT kernel: [    2.029540] pci 0000:00:07.1: legacy IDE quirk: reg 0x18: [io  0x0170-0x0177]
Dec 28 09:26:20 MT kernel: [    2.029541] pci 0000:00:07.1: legacy IDE quirk: reg 0x1c: [io  0x0376]
Dec 28 09:26:20 MT kernel: [    2.030116] pci 0000:00:07.3: [8086:7113] type 00 class 0x068000
Dec 28 09:26:20 MT kernel: [    2.031827] pci 0000:00:07.3: quirk: [io  0x1000-0x103f] claimed by PIIX4 ACPI
Dec 28 09:26:20 MT kernel: [    2.031844] pci 0000:00:07.3: quirk: [io  0x1040-0x104f] claimed by PIIX4 SMB
Dec 28 09:26:20 MT kernel: [    2.032308] pci 0000:00:07.7: [15ad:0740] type 00 class 0x088000
Dec 28 09:26:20 MT kernel: [    2.032775] pci 0000:00:07.7: reg 0x10: [io  0x1080-0x10bf]
Dec 28 09:26:20 MT kernel: [    2.033136] pci 0000:00:07.7: reg 0x14: [mem 0xfebfe000-0xfebfffff 64bit]
Dec 28 09:26:20 MT kernel: [    2.050211] pci 0000:00:0f.0: [15ad:0405] type 00 class 0x030000
Dec 28 09:26:20 MT kernel: [    2.050211] pci 0000:00:0f.0: reg 0x10: [io  0x1070-0x107f]
Dec 28 09:26:20 MT kernel: [    2.053203] pci 0000:00:0f.0: reg 0x14: [mem 0xe8000000-0xefffffff pref]
Dec 28 09:26:20 MT kernel: [    2.057830] pci 0000:00:0f.0: reg 0x18: [mem 0xfe000000-0xfe7fffff]
Dec 28 09:26:20 MT kernel: [    2.073747] pci 0000:00:0f.0: reg 0x30: [mem 0x00000000-0x00007fff pref]
Dec 28 09:26:20 MT kernel: [    2.076758] pci 0000:00:10.0: [1000:0030] type 00 class 0x010000
Dec 28 09:26:20 MT kernel: [    2.077203] pci 0000:00:10.0: reg 0x10: [io  0x1400-0x14ff]
Dec 28 09:26:20 MT kernel: [    2.077203] pci 0000:00:10.0: reg 0x14: [mem 0xfeba0000-0xfebbffff 64bit]
Dec 28 09:26:20 MT kernel: [    2.077203] pci 0000:00:10.0: reg 0x1c: [mem 0xfebc0000-0xfebdffff 64bit]
Dec 28 09:26:20 MT kernel: [    2.077203] pci 0000:00:10.0: reg 0x30: [mem 0x00000000-0x00003fff pref]
Dec 28 09:26:20 MT kernel: [    2.085221] pci 0000:00:11.0: [15ad:0790] type 01 class 0x060401
Dec 28 09:26:20 MT kernel: [    2.089203] pci 0000:00:15.0: [15ad:07a0] type 01 class 0x060400
Dec 28 09:26:20 MT kernel: [    2.089203] pci 0000:00:15.0: PME# supported from D0 D3hot D3cold
Dec 28 09:26:20 MT kernel: [    2.089203] pci 0000:00:15.1: [15ad:07a0] type 01 class 0x060400
Dec 28 09:26:20 MT kernel: [    2.089203] pci 0000:00:15.1: PME# supported from D0 D3hot D3cold
Dec 28 09:26:20 MT kernel: [    2.089203] pci 0000:00:15.2: [15ad:07a0] type 01 class 0x060400
Dec 28 09:26:20 MT kernel: [    2.097291] pci 0000:00:15.2: PME# supported from D0 D3hot D3cold
Dec 28 09:26:20 MT kernel: [    2.097906] pci 0000:00:15.3: [15ad:07a0] type 01 class 0x060400
Dec 28 09:26:20 MT kernel: [    2.099362] pci 0000:00:15.3: PME# supported from D0 D3hot D3cold
Dec 28 09:26:20 MT kernel: [    2.099942] pci 0000:00:15.4: [15ad:07a0] type 01 class 0x060400
Dec 28 09:26:20 MT kernel: [    2.101203] pci 0000:00:15.4: PME# supported from D0 D3hot D3cold
Dec 28 09:26:20 MT kernel: [    2.101203] pci 0000:00:15.5: [15ad:07a0] type 01 class 0x060400
Dec 28 09:26:20 MT kernel: [    2.101433] pci 0000:00:15.5: PME# supported from D0 D3hot D3cold
Dec 28 09:26:20 MT kernel: [    2.102005] pci 0000:00:15.6: [15ad:07a0] type 01 class 0x060400
Dec 28 09:26:20 MT kernel: [    2.103409] pci 0000:00:15.6: PME# supported from D0 D3hot D3cold
Dec 28 09:26:20 MT kernel: [    2.104099] pci 0000:00:15.7: [15ad:07a0] type 01 class 0x060400
Dec 28 09:26:20 MT kernel: [    2.105203] pci 0000:00:15.7: PME# supported from D0 D3hot D3cold
Dec 28 09:26:20 MT kernel: [    2.106396] pci 0000:00:16.0: [15ad:07a0] type 01 class 0x060400
Dec 28 09:26:20 MT kernel: [    2.107812] pci 0000:00:16.0: PME# supported from D0 D3hot D3cold
Dec 28 09:26:20 MT kernel: [    2.108409] pci 0000:00:16.1: [15ad:07a0] type 01 class 0x060400
Dec 28 09:26:20 MT kernel: [    2.109203] pci 0000:00:16.1: PME# supported from D0 D3hot D3cold
Dec 28 09:26:20 MT kernel: [    2.109203] pci 0000:00:16.2: [15ad:07a0] type 01 class 0x060400
Dec 28 09:26:20 MT kernel: [    2.109904] pci 0000:00:16.2: PME# supported from D0 D3hot D3cold
Dec 28 09:26:20 MT kernel: [    2.110477] pci 0000:00:16.3: [15ad:07a0] type 01 class 0x060400
Dec 28 09:26:20 MT kernel: [    2.111876] pci 0000:00:16.3: PME# supported from D0 D3hot D3cold
Dec 28 09:26:20 MT kernel: [    2.112512] pci 0000:00:16.4: [15ad:07a0] type 01 class 0x060400
Dec 28 09:26:20 MT kernel: [    2.113203] pci 0000:00:16.4: PME# supported from D0 D3hot D3cold
Dec 28 09:26:20 MT kernel: [    2.113657] pci 0000:00:16.5: [15ad:07a0] type 01 class 0x060400
Dec 28 09:26:20 MT kernel: [    2.115062] pci 0000:00:16.5: PME# supported from D0 D3hot D3cold
Dec 28 09:26:20 MT kernel: [    2.115650] pci 0000:00:16.6: [15ad:07a0] type 01 class 0x060400
Dec 28 09:26:20 MT kernel: [    2.117075] pci 0000:00:16.6: PME# supported from D0 D3hot D3cold
Dec 28 09:26:20 MT kernel: [    2.117203] pci 0000:00:16.7: [15ad:07a0] type 01 class 0x060400
Dec 28 09:26:20 MT kernel: [    2.117203] pci 0000:00:16.7: PME# supported from D0 D3hot D3cold
Dec 28 09:26:20 MT kernel: [    2.117203] pci 0000:00:17.0: [15ad:07a0] type 01 class 0x060400
Dec 28 09:26:20 MT kernel: [    2.117203] pci 0000:00:17.0: PME# supported from D0 D3hot D3cold
Dec 28 09:26:20 MT kernel: [    2.117203] pci 0000:00:17.1: [15ad:07a0] type 01 class 0x060400
Dec 28 09:26:20 MT kernel: [    2.117203] pci 0000:00:17.1: PME# supported from D0 D3hot D3cold
Dec 28 09:26:20 MT kernel: [    2.117203] pci 0000:00:17.2: [15ad:07a0] type 01 class 0x060400
Dec 28 09:26:20 MT kernel: [    2.121727] pci 0000:00:17.2: PME# supported from D0 D3hot D3cold
Dec 28 09:26:20 MT kernel: [    2.122370] pci 0000:00:17.3: [15ad:07a0] type 01 class 0x060400
Dec 28 09:26:20 MT kernel: [    2.123769] pci 0000:00:17.3: PME# supported from D0 D3hot D3cold
Dec 28 09:26:20 MT kernel: [    2.124368] pci 0000:00:17.4: [15ad:07a0] type 01 class 0x060400
Dec 28 09:26:20 MT kernel: [    2.125203] pci 0000:00:17.4: PME# supported from D0 D3hot D3cold
Dec 28 09:26:20 MT kernel: [    2.125203] pci 0000:00:17.5: [15ad:07a0] type 01 class 0x060400
Dec 28 09:26:20 MT kernel: [    2.125885] pci 0000:00:17.5: PME# supported from D0 D3hot D3cold
Dec 28 09:26:20 MT kernel: [    2.126470] pci 0000:00:17.6: [15ad:07a0] type 01 class 0x060400
Dec 28 09:26:20 MT kernel: [    2.127920] pci 0000:00:17.6: PME# supported from D0 D3hot D3cold
Dec 28 09:26:20 MT kernel: [    2.128930] pci 0000:00:17.7: [15ad:07a0] type 01 class 0x060400
Dec 28 09:26:20 MT kernel: [    2.129451] pci 0000:00:17.7: PME# supported from D0 D3hot D3cold
Dec 28 09:26:20 MT kernel: [    2.132246] pci 0000:00:18.0: [15ad:07a0] type 01 class 0x060400
Dec 28 09:26:20 MT kernel: [    2.133203] pci 0000:00:18.0: PME# supported from D0 D3hot D3cold
Dec 28 09:26:20 MT kernel: [    2.133203] pci 0000:00:18.1: [15ad:07a0] type 01 class 0x060400
Dec 28 09:26:20 MT kernel: [    2.133913] pci 0000:00:18.1: PME# supported from D0 D3hot D3cold
Dec 28 09:26:20 MT kernel: [    2.134511] pci 0000:00:18.2: [15ad:07a0] type 01 class 0x060400
Dec 28 09:26:20 MT kernel: [    2.135896] pci 0000:00:18.2: PME# supported from D0 D3hot D3cold
Dec 28 09:26:20 MT kernel: [    2.136584] pci 0000:00:18.3: [15ad:07a0] type 01 class 0x060400
Dec 28 09:26:20 MT kernel: [    2.137203] pci 0000:00:18.3: PME# supported from D0 D3hot D3cold
Dec 28 09:26:20 MT kernel: [    2.137203] pci 0000:00:18.4: [15ad:07a0] type 01 class 0x060400
Dec 28 09:26:20 MT kernel: [    2.138021] pci 0000:00:18.4: PME# supported from D0 D3hot D3cold
Dec 28 09:26:20 MT kernel: [    2.138625] pci 0000:00:18.5: [15ad:07a0] type 01 class 0x060400
Dec 28 09:26:20 MT kernel: [    2.140143] pci 0000:00:18.5: PME# supported from D0 D3hot D3cold
Dec 28 09:26:20 MT kernel: [    2.140736] pci 0000:00:18.6: [15ad:07a0] type 01 class 0x060400
Dec 28 09:26:20 MT kernel: [    2.141330] pci 0000:00:18.6: PME# supported from D0 D3hot D3cold
Dec 28 09:26:20 MT kernel: [    2.142047] pci 0000:00:18.7: [15ad:07a0] type 01 class 0x060400
Dec 28 09:26:20 MT kernel: [    2.143456] pci 0000:00:18.7: PME# supported from D0 D3hot D3cold
Dec 28 09:26:20 MT kernel: [    2.160900] pci_bus 0000:01: extended config space not accessible
Dec 28 09:26:20 MT kernel: [    2.209203] pci 0000:00:01.0: PCI bridge to [bus 01]
Dec 28 09:26:20 MT kernel: [    2.209203] pci_bus 0000:02: extended config space not accessible
Dec 28 09:26:20 MT kernel: [    2.209316] acpiphp: Slot [32] registered
Dec 28 09:26:20 MT kernel: [    2.209344] acpiphp: Slot [33] registered
Dec 28 09:26:20 MT kernel: [    2.209371] acpiphp: Slot [34] registered
Dec 28 09:26:20 MT kernel: [    2.209397] acpiphp: Slot [35] registered
Dec 28 09:26:20 MT kernel: [    2.209424] acpiphp: Slot [36] registered
Dec 28 09:26:20 MT kernel: [    2.209450] acpiphp: Slot [37] registered
Dec 28 09:26:20 MT kernel: [    2.209476] acpiphp: Slot [38] registered
Dec 28 09:26:20 MT kernel: [    2.209502] acpiphp: Slot [39] registered
Dec 28 09:26:20 MT kernel: [    2.209527] acpiphp: Slot [40] registered
Dec 28 09:26:20 MT kernel: [    2.209553] acpiphp: Slot [41] registered
Dec 28 09:26:20 MT kernel: [    2.209579] acpiphp: Slot [42] registered
Dec 28 09:26:20 MT kernel: [    2.209631] acpiphp: Slot [43] registered
Dec 28 09:26:20 MT kernel: [    2.209656] acpiphp: Slot [44] registered
Dec 28 09:26:20 MT kernel: [    2.209682] acpiphp: Slot [45] registered
Dec 28 09:26:20 MT kernel: [    2.209708] acpiphp: Slot [46] registered
Dec 28 09:26:20 MT kernel: [    2.209733] acpiphp: Slot [47] registered
Dec 28 09:26:20 MT kernel: [    2.209787] acpiphp: Slot [48] registered
Dec 28 09:26:20 MT kernel: [    2.209813] acpiphp: Slot [49] registered
Dec 28 09:26:20 MT kernel: [    2.209839] acpiphp: Slot [50] registered
Dec 28 09:26:20 MT kernel: [    2.209865] acpiphp: Slot [51] registered
Dec 28 09:26:20 MT kernel: [    2.209890] acpiphp: Slot [52] registered
Dec 28 09:26:20 MT kernel: [    2.209916] acpiphp: Slot [53] registered
Dec 28 09:26:20 MT kernel: [    2.209941] acpiphp: Slot [54] registered
Dec 28 09:26:20 MT kernel: [    2.209993] acpiphp: Slot [55] registered
Dec 28 09:26:20 MT kernel: [    2.210019] acpiphp: Slot [56] registered
Dec 28 09:26:20 MT kernel: [    2.210044] acpiphp: Slot [57] registered
Dec 28 09:26:20 MT kernel: [    2.210070] acpiphp: Slot [58] registered
Dec 28 09:26:20 MT kernel: [    2.210095] acpiphp: Slot [59] registered
Dec 28 09:26:20 MT kernel: [    2.210153] acpiphp: Slot [60] registered
Dec 28 09:26:20 MT kernel: [    2.210179] acpiphp: Slot [61] registered
Dec 28 09:26:20 MT kernel: [    2.210204] acpiphp: Slot [62] registered
Dec 28 09:26:20 MT kernel: [    2.210230] acpiphp: Slot [63] registered
Dec 28 09:26:20 MT kernel: [    2.210342] pci 0000:02:00.0: [15ad:0774] type 00 class 0x0c0300
Dec 28 09:26:20 MT kernel: [    2.212027] pci 0000:02:00.0: reg 0x20: [io  0x20c0-0x20df]
Dec 28 09:26:20 MT kernel: [    2.214615] pci 0000:02:01.0: [1022:2000] type 00 class 0x020000
Dec 28 09:26:20 MT kernel: [    2.214957] pci 0000:02:01.0: reg 0x10: [io  0x2000-0x207f]
Dec 28 09:26:20 MT kernel: [    2.216548] pci 0000:02:01.0: reg 0x30: [mem 0x00000000-0x0000ffff pref]
Dec 28 09:26:20 MT kernel: [    2.222367] pci 0000:02:02.0: [1274:1371] type 00 class 0x040100
Dec 28 09:26:20 MT kernel: [    2.222732] pci 0000:02:02.0: reg 0x10: [io  0x2080-0x20bf]
Dec 28 09:26:20 MT kernel: [    2.225775] pci 0000:02:03.0: [15ad:0770] type 00 class 0x0c0320
Dec 28 09:26:20 MT kernel: [    2.226117] pci 0000:02:03.0: reg 0x10: [mem 0xfd5ff000-0xfd5fffff]
Dec 28 09:26:20 MT kernel: [    2.230950] pci 0000:02:05.0: [15ad:07e0] type 00 class 0x010601
Dec 28 09:26:20 MT kernel: [    2.232981] pci 0000:02:05.0: reg 0x24: [mem 0xfd5fe000-0xfd5fefff]
Dec 28 09:26:20 MT kernel: [    2.233203] pci 0000:02:05.0: reg 0x30: [mem 0x00000000-0x0000ffff pref]
Dec 28 09:26:20 MT kernel: [    2.233203] pci 0000:02:05.0: PME# supported from D3hot
Dec 28 09:26:20 MT kernel: [    2.284142] pci 0000:00:11.0: PCI bridge to [bus 02] (subtractive decode)
Dec 28 09:26:20 MT kernel: [    2.284192] pci 0000:00:11.0:   bridge window [io  0x2000-0x3fff]
Dec 28 09:26:20 MT kernel: [    2.284230] pci 0000:00:11.0:   bridge window [mem 0xfd500000-0xfdffffff]
Dec 28 09:26:20 MT kernel: [    2.284305] pci 0000:00:11.0:   bridge window [mem 0xe7b00000-0xe7ffffff 64bit pref]
Dec 28 09:26:20 MT kernel: [    2.284308] pci 0000:00:11.0:   bridge window [mem 0x000a0000-0x000bffff window] (subtractive decode)
Dec 28 09:26:20 MT kernel: [    2.284309] pci 0000:00:11.0:   bridge window [mem 0x000d0000-0x000d3fff window] (subtractive decode)
Dec 28 09:26:20 MT kernel: [    2.284310] pci 0000:00:11.0:   bridge window [mem 0x000d4000-0x000d7fff window] (subtractive decode)
Dec 28 09:26:20 MT kernel: [    2.284310] pci 0000:00:11.0:   bridge window [mem 0x000d8000-0x000dbfff window] (subtractive decode)
Dec 28 09:26:20 MT kernel: [    2.284311] pci 0000:00:11.0:   bridge window [mem 0xc0000000-0xfebfffff window] (subtractive decode)
Dec 28 09:26:20 MT kernel: [    2.284312] pci 0000:00:11.0:   bridge window [io  0x0000-0x0cf7 window] (subtractive decode)
Dec 28 09:26:20 MT kernel: [    2.284313] pci 0000:00:11.0:   bridge window [io  0x0d00-0xfeff window] (subtractive decode)
Dec 28 09:26:20 MT kernel: [    2.337203] pci 0000:00:15.0: PCI bridge to [bus 03]
Dec 28 09:26:20 MT kernel: [    2.337203] pci 0000:00:15.0:   bridge window [io  0x4000-0x4fff]
Dec 28 09:26:20 MT kernel: [    2.337203] pci 0000:00:15.0:   bridge window [mem 0xfd400000-0xfd4fffff]
Dec 28 09:26:20 MT kernel: [    2.337203] pci 0000:00:15.0:   bridge window [mem 0xe7a00000-0xe7afffff 64bit pref]
Dec 28 09:26:20 MT kernel: [    2.391858] pci 0000:00:15.1: PCI bridge to [bus 04]
Dec 28 09:26:20 MT kernel: [    2.391908] pci 0000:00:15.1:   bridge window [io  0x8000-0x8fff]
Dec 28 09:26:20 MT kernel: [    2.391939] pci 0000:00:15.1:   bridge window [mem 0xfd000000-0xfd0fffff]
Dec 28 09:26:20 MT kernel: [    2.392000] pci 0000:00:15.1:   bridge window [mem 0xe7600000-0xe76fffff 64bit pref]
Dec 28 09:26:20 MT kernel: [    2.442509] pci 0000:00:15.2: PCI bridge to [bus 05]
Dec 28 09:26:20 MT kernel: [    2.442547] pci 0000:00:15.2:   bridge window [io  0xc000-0xcfff]
Dec 28 09:26:20 MT kernel: [    2.442578] pci 0000:00:15.2:   bridge window [mem 0xfcc00000-0xfccfffff]
Dec 28 09:26:20 MT kernel: [    2.442639] pci 0000:00:15.2:   bridge window [mem 0xe7200000-0xe72fffff 64bit pref]
Dec 28 09:26:20 MT kernel: [    2.493241] pci 0000:00:15.3: PCI bridge to [bus 06]
Dec 28 09:26:20 MT kernel: [    2.493311] pci 0000:00:15.3:   bridge window [mem 0xfc800000-0xfc8fffff]
Dec 28 09:26:20 MT kernel: [    2.493372] pci 0000:00:15.3:   bridge window [mem 0xe6e00000-0xe6efffff 64bit pref]
Dec 28 09:26:20 MT kernel: [    2.537221] pci 0000:00:15.4: PCI bridge to [bus 07]
Dec 28 09:26:20 MT kernel: [    2.537289] pci 0000:00:15.4:   bridge window [mem 0xfc400000-0xfc4fffff]
Dec 28 09:26:20 MT kernel: [    2.537350] pci 0000:00:15.4:   bridge window [mem 0xe6a00000-0xe6afffff 64bit pref]
Dec 28 09:26:20 MT kernel: [    2.589218] pci 0000:00:15.5: PCI bridge to [bus 08]
Dec 28 09:26:20 MT kernel: [    2.589218] pci 0000:00:15.5:   bridge window [mem 0xfc000000-0xfc0fffff]
Dec 28 09:26:20 MT kernel: [    2.589218] pci 0000:00:15.5:   bridge window [mem 0xe6600000-0xe66fffff 64bit pref]
Dec 28 09:26:20 MT kernel: [    2.641878] pci 0000:00:15.6: PCI bridge to [bus 09]
Dec 28 09:26:20 MT kernel: [    2.641949] pci 0000:00:15.6:   bridge window [mem 0xfbc00000-0xfbcfffff]
Dec 28 09:26:20 MT kernel: [    2.642010] pci 0000:00:15.6:   bridge window [mem 0xe6200000-0xe62fffff 64bit pref]
Dec 28 09:26:20 MT kernel: [    2.693790] pci 0000:00:15.7: PCI bridge to [bus 0a]
Dec 28 09:26:20 MT kernel: [    2.693857] pci 0000:00:15.7:   bridge window [mem 0xfb800000-0xfb8fffff]
Dec 28 09:26:20 MT kernel: [    2.693918] pci 0000:00:15.7:   bridge window [mem 0xe5e00000-0xe5efffff 64bit pref]
Dec 28 09:26:20 MT kernel: [    2.745203] pci 0000:00:16.0: PCI bridge to [bus 0b]
Dec 28 09:26:20 MT kernel: [    2.745203] pci 0000:00:16.0:   bridge window [io  0x5000-0x5fff]
Dec 28 09:26:20 MT kernel: [    2.745203] pci 0000:00:16.0:   bridge window [mem 0xfd300000-0xfd3fffff]
Dec 28 09:26:20 MT kernel: [    2.745203] pci 0000:00:16.0:   bridge window [mem 0xe7900000-0xe79fffff 64bit pref]
Dec 28 09:26:20 MT kernel: [    2.809203] pci 0000:00:16.1: PCI bridge to [bus 0c]
Dec 28 09:26:20 MT kernel: [    2.809203] pci 0000:00:16.1:   bridge window [io  0x9000-0x9fff]
Dec 28 09:26:20 MT kernel: [    2.809203] pci 0000:00:16.1:   bridge window [mem 0xfcf00000-0xfcffffff]
Dec 28 09:26:20 MT kernel: [    2.809203] pci 0000:00:16.1:   bridge window [mem 0xe7500000-0xe75fffff 64bit pref]
Dec 28 09:26:20 MT kernel: [    2.862968] pci 0000:00:16.2: PCI bridge to [bus 0d]
Dec 28 09:26:20 MT kernel: [    2.863013] pci 0000:00:16.2:   bridge window [io  0xd000-0xdfff]
Dec 28 09:26:20 MT kernel: [    2.863044] pci 0000:00:16.2:   bridge window [mem 0xfcb00000-0xfcbfffff]
Dec 28 09:26:20 MT kernel: [    2.863105] pci 0000:00:16.2:   bridge window [mem 0xe7100000-0xe71fffff 64bit pref]
Dec 28 09:26:20 MT kernel: [    2.925203] pci 0000:00:16.3: PCI bridge to [bus 0e]
Dec 28 09:26:20 MT kernel: [    2.925203] pci 0000:00:16.3:   bridge window [mem 0xfc700000-0xfc7fffff]
Dec 28 09:26:20 MT kernel: [    2.925203] pci 0000:00:16.3:   bridge window [mem 0xe6d00000-0xe6dfffff 64bit pref]
Dec 28 09:26:20 MT kernel: [    2.980528] pci 0000:00:16.4: PCI bridge to [bus 0f]
Dec 28 09:26:20 MT kernel: [    2.980595] pci 0000:00:16.4:   bridge window [mem 0xfc300000-0xfc3fffff]
Dec 28 09:26:20 MT kernel: [    2.980655] pci 0000:00:16.4:   bridge window [mem 0xe6900000-0xe69fffff 64bit pref]
Dec 28 09:26:20 MT kernel: [    3.033203] pci 0000:00:16.5: PCI bridge to [bus 10]
Dec 28 09:26:20 MT kernel: [    3.033203] pci 0000:00:16.5:   bridge window [mem 0xfbf00000-0xfbffffff]
Dec 28 09:26:20 MT kernel: [    3.033203] pci 0000:00:16.5:   bridge window [mem 0xe6500000-0xe65fffff 64bit pref]
Dec 28 09:26:20 MT kernel: [    3.085280] pci 0000:00:16.6: PCI bridge to [bus 11]
Dec 28 09:26:20 MT kernel: [    3.085347] pci 0000:00:16.6:   bridge window [mem 0xfbb00000-0xfbbfffff]
Dec 28 09:26:20 MT kernel: [    3.085408] pci 0000:00:16.6:   bridge window [mem 0xe6100000-0xe61fffff 64bit pref]
Dec 28 09:26:20 MT kernel: [    3.137581] pci 0000:00:16.7: PCI bridge to [bus 12]
Dec 28 09:26:20 MT kernel: [    3.137648] pci 0000:00:16.7:   bridge window [mem 0xfb700000-0xfb7fffff]
Dec 28 09:26:20 MT kernel: [    3.137709] pci 0000:00:16.7:   bridge window [mem 0xe5d00000-0xe5dfffff 64bit pref]
Dec 28 09:26:20 MT kernel: [    3.197203] pci 0000:00:17.0: PCI bridge to [bus 13]
Dec 28 09:26:20 MT kernel: [    3.197203] pci 0000:00:17.0:   bridge window [io  0x6000-0x6fff]
Dec 28 09:26:20 MT kernel: [    3.197203] pci 0000:00:17.0:   bridge window [mem 0xfd200000-0xfd2fffff]
Dec 28 09:26:20 MT kernel: [    3.197203] pci 0000:00:17.0:   bridge window [mem 0xe7800000-0xe78fffff 64bit pref]
Dec 28 09:26:20 MT kernel: [    3.250053] pci 0000:00:17.1: PCI bridge to [bus 14]
Dec 28 09:26:20 MT kernel: [    3.250093] pci 0000:00:17.1:   bridge window [io  0xa000-0xafff]
Dec 28 09:26:20 MT kernel: [    3.250142] pci 0000:00:17.1:   bridge window [mem 0xfce00000-0xfcefffff]
Dec 28 09:26:20 MT kernel: [    3.250203] pci 0000:00:17.1:   bridge window [mem 0xe7400000-0xe74fffff 64bit pref]
Dec 28 09:26:20 MT kernel: [    3.305203] pci 0000:00:17.2: PCI bridge to [bus 15]
Dec 28 09:26:20 MT kernel: [    3.305203] pci 0000:00:17.2:   bridge window [io  0xe000-0xefff]
Dec 28 09:26:20 MT kernel: [    3.305203] pci 0000:00:17.2:   bridge window [mem 0xfca00000-0xfcafffff]
Dec 28 09:26:20 MT kernel: [    3.305203] pci 0000:00:17.2:   bridge window [mem 0xe7000000-0xe70fffff 64bit pref]
Dec 28 09:26:20 MT kernel: [    3.357203] pci 0000:00:17.3: PCI bridge to [bus 16]
Dec 28 09:26:20 MT kernel: [    3.357203] pci 0000:00:17.3:   bridge window [mem 0xfc600000-0xfc6fffff]
